 zlibwapi

 Timestamp is 6509b1ae (Tue Sep 19 16:35:26 2023)

 Preferred load address is 0000000180000000

 Start         Length     Name                   Class
 0001:00000000 00012080H .text$mn                CODE
 0001:00012080 00000036H .text$mn$00             CODE
 0001:000120b6 00000092H .text$x                 CODE
 0002:00000000 00000250H .idata$5                DATA
 0002:00000250 00000038H .00cfg                  DATA
 0002:00000288 00000008H .CRT$XCA                DATA
 0002:00000290 00000008H .CRT$XCZ                DATA
 0002:00000298 00000008H .CRT$XIA                DATA
 0002:000002a0 00000008H .CRT$XIZ                DATA
 0002:000002a8 00000008H .CRT$XPA                DATA
 0002:000002b0 00000008H .CRT$XPZ                DATA
 0002:000002b8 00000008H .CRT$XTA                DATA
 0002:000002c0 00000010H .CRT$XTZ                DATA
 0002:000002c8 00000000H .gehcont$y              DATA
 0002:000002c8 00000000H .gfids$y                DATA
 0002:000002d0 00004d30H .rdata                  DATA
 0002:00005000 00000080H .rdata$CastGuardVftablesA DATA
 0002:00005080 00000080H .rdata$CastGuardVftablesC DATA
 0002:00005100 00000088H .rdata$voltmd           DATA
 0002:00005188 00000340H .rdata$zzzdbg           DATA
 0002:000054c8 00000008H .rtc$IAA                DATA
 0002:000054d0 00000008H .rtc$IZZ                DATA
 0002:000054d8 00000008H .rtc$TAA                DATA
 0002:000054e0 00000008H .rtc$TZZ                DATA
 0002:000054e8 00001808H .xdata                  DATA
 0002:00006cf0 00000d50H .edata                  DATA
 0002:00007a40 000000a0H .idata$2                DATA
 0002:00007ae0 00000018H .idata$3                DATA
 0002:00007af8 00000250H .idata$4                DATA
 0002:00007d48 0000052cH .idata$6                DATA
 0003:00000000 00000040H .data                   DATA
 0003:00000040 000000a8H .bss                    DATA
 0004:00000000 0000117cH .pdata                  DATA
 0005:00000000 00000060H .rsrc$01                DATA
 0005:00000060 00000338H .rsrc$02                DATA

  Address         Publics by Value              Rva+Base               Lib:Object

 0000:00000000       __AbsoluteZero             0000000000000000     <absolute>
 0000:00000000       ___safe_se_handler_count   0000000000000000     <absolute>
 0000:00000000       ___safe_se_handler_table   0000000000000000     <absolute>
 0000:00000000       __arm64x_extra_rfe_table   0000000000000000     <absolute>
 0000:00000000       __arm64x_extra_rfe_table_size 0000000000000000     <absolute>
 0000:00000000       __arm64x_native_entrypoint 0000000000000000     <absolute>
 0000:00000000       __arm64x_redirection_metadata 0000000000000000     <absolute>
 0000:00000000       __arm64x_redirection_metadata_count 0000000000000000     <absolute>
 0000:00000000       __dynamic_value_reloc_table 0000000000000000     <absolute>
 0000:00000000       __enclave_config           0000000000000000     <absolute>
 0000:00000000       __guard_check_icall_a64n_fptr 0000000000000000     <absolute>
 0000:00000000       __guard_eh_cont_count      0000000000000000     <absolute>
 0000:00000000       __guard_eh_cont_table      0000000000000000     <absolute>
 0000:00000000       __guard_fids_count         0000000000000000     <absolute>
 0000:00000000       __guard_fids_table         0000000000000000     <absolute>
 0000:00000000       __guard_iat_count          0000000000000000     <absolute>
 0000:00000000       __guard_iat_table          0000000000000000     <absolute>
 0000:00000000       __guard_longjmp_count      0000000000000000     <absolute>
 0000:00000000       __guard_longjmp_table      0000000000000000     <absolute>
 0000:00000000       __hybrid_auxiliary_delayload_iat 0000000000000000     <absolute>
 0000:00000000       __hybrid_auxiliary_delayload_iat_copy 0000000000000000     <absolute>
 0000:00000000       __hybrid_auxiliary_iat     0000000000000000     <absolute>
 0000:00000000       __hybrid_auxiliary_iat_copy 0000000000000000     <absolute>
 0000:00000000       __hybrid_code_map          0000000000000000     <absolute>
 0000:00000000       __hybrid_code_map_count    0000000000000000     <absolute>
 0000:00000000       __hybrid_image_info_bitfield 0000000000000000     <absolute>
 0000:00000000       __x64_code_ranges_to_entry_points 0000000000000000     <absolute>
 0000:00000000       __x64_code_ranges_to_entry_points_count 0000000000000000     <absolute>
 0000:00000100       __guard_flags              0000000000000100     <absolute>
 0000:00000000       __ImageBase                0000000180000000     <linker-defined>
 0001:00000000       adler32_z                  0000000180001000 f   adler32.obj
 0001:000002e0       adler32                    00000001800012e0 f   adler32.obj
 0001:000003d0       adler32_combine            00000001800013d0 f   adler32.obj
 0001:000003e0       compress2                  00000001800013e0 f   compress.obj
 0001:000004e0       compress                   00000001800014e0 f   compress.obj
 0001:00000500       compressBound              0000000180001500 f   compress.obj
 0001:000005c0       get_crc_table              00000001800015c0 f   crc32.obj
 0001:00000650       crc32_z                    0000000180001650 f   crc32.obj
 0001:00000a10       crc32                      0000000180001a10 f   crc32.obj
 0001:00000a20       crc32_combine64            0000000180001a20 f   crc32.obj
 0001:00000a50       crc32_combine              0000000180001a50 f   crc32.obj
 0001:00000a60       crc32_combine_gen64        0000000180001a60 f   crc32.obj
 0001:00000a70       crc32_combine_gen          0000000180001a70 f   crc32.obj
 0001:00000a80       crc32_combine_op           0000000180001a80 f   crc32.obj
 0001:00000df0       deflateInit_               0000000180001df0 f   deflate.obj
 0001:00000e30       deflateInit2_              0000000180001e30 f   deflate.obj
 0001:00001120       deflateSetDictionary       0000000180002120 f   deflate.obj
 0001:00001310       deflateGetDictionary       0000000180002310 f   deflate.obj
 0001:00001390       deflateResetKeep           0000000180002390 f   deflate.obj
 0001:000014e0       deflateReset               00000001800024e0 f   deflate.obj
 0001:00001510       deflateSetHeader           0000000180002510 f   deflate.obj
 0001:00001550       deflatePending             0000000180002550 f   deflate.obj
 0001:000015a0       deflatePrime               00000001800025a0 f   deflate.obj
 0001:00001660       deflateParams              0000000180002660 f   deflate.obj
 0001:000017e0       deflateTune                00000001800027e0 f   deflate.obj
 0001:00001830       deflateBound               0000000180002830 f   deflate.obj
 0001:00001a30       deflate                    0000000180002a30 f   deflate.obj
 0001:00002390       deflateEnd                 0000000180003390 f   deflate.obj
 0001:00002440       deflateCopy                0000000180003440 f   deflate.obj
 0001:00003b40       gzclose                    0000000180004b40 f   gzclose.obj
 0001:00003b60       __local_stdio_printf_options 0000000180004b60 f i gzlib.obj
 0001:00003b70       vsnprintf                  0000000180004b70 f i gzlib.obj
 0001:00003be0       snprintf                   0000000180004be0 f i gzlib.obj
 0001:00003fc0       gzopen                     0000000180004fc0 f   gzlib.obj
 0001:00003fd0       gzdopen                    0000000180004fd0 f   gzlib.obj
 0001:00004060       gzopen_w                   0000000180005060 f   gzlib.obj
 0001:00004070       gzbuffer                   0000000180005070 f   gzlib.obj
 0001:000040b0       gzrewind                   00000001800050b0 f   gzlib.obj
 0001:00004110       gzseek64                   0000000180005110 f   gzlib.obj
 0001:00004260       gzseek                     0000000180005260 f   gzlib.obj
 0001:00004290       gztell64                   0000000180005290 f   gzlib.obj
 0001:000042d0       gztell                     00000001800052d0 f   gzlib.obj
 0001:000042f0       gzoffset64                 00000001800052f0 f   gzlib.obj
 0001:00004350       gzoffset                   0000000180005350 f   gzlib.obj
 0001:00004370       gzeof                      0000000180005370 f   gzlib.obj
 0001:00004390       gzerror                    0000000180005390 f   gzlib.obj
 0001:000043e0       gzclearerr                 00000001800053e0 f   gzlib.obj
 0001:00004420       gz_error                   0000000180005420 f   gzlib.obj
 0001:00004bf0       gzread                     0000000180005bf0 f   gzread.obj
 0001:00004c60       gzfread                    0000000180005c60 f   gzread.obj
 0001:00004ce0       gzgetc                     0000000180005ce0 f   gzread.obj
 0001:00004d60       gzgetc_                    0000000180005d60 f   gzread.obj
 0001:00004d70       gzungetc                   0000000180005d70 f   gzread.obj
 0001:00004eb0       gzgets                     0000000180005eb0 f   gzread.obj
 0001:00004ff0       gzdirect                   0000000180005ff0 f   gzread.obj
 0001:00005030       gzclose_r                  0000000180006030 f   gzread.obj
 0001:000055d0       gzwrite                    00000001800065d0 f   gzwrite.obj
 0001:00005620       gzfwrite                   0000000180006620 f   gzwrite.obj
 0001:000056a0       gzputc                     00000001800066a0 f   gzwrite.obj
 0001:00005770       gzputs                     0000000180006770 f   gzwrite.obj
 0001:00005800       gzvprintf                  0000000180006800 f   gzwrite.obj
 0001:00005990       gzprintf                   0000000180006990 f   gzwrite.obj
 0001:000059c0       gzflush                    00000001800069c0 f   gzwrite.obj
 0001:00005a30       gzsetparams                0000000180006a30 f   gzwrite.obj
 0001:00005af0       gzclose_w                  0000000180006af0 f   gzwrite.obj
 0001:00005bc0       inflateBackInit_           0000000180006bc0 f   infback.obj
 0001:00005d10       inflateBack                0000000180006d10 f   infback.obj
 0001:00006bd0       inflateBackEnd             0000000180007bd0 f   infback.obj
 0001:00006c20       inflate_fast               0000000180007c20 f   inffast.obj
 0001:00007160       inflateResetKeep           0000000180008160 f   inflate.obj
 0001:00007200       inflateReset               0000000180008200 f   inflate.obj
 0001:00007230       inflateReset2              0000000180008230 f   inflate.obj
 0001:000072d0       inflateInit2_              00000001800082d0 f   inflate.obj
 0001:000073d0       inflateInit_               00000001800083d0 f   inflate.obj
 0001:000073e0       inflatePrime               00000001800083e0 f   inflate.obj
 0001:00007590       inflate                    0000000180008590 f   inflate.obj
 0001:00008cd0       inflateEnd                 0000000180009cd0 f   inflate.obj
 0001:00008d30       inflateGetDictionary       0000000180009d30 f   inflate.obj
 0001:00008dc0       inflateSetDictionary       0000000180009dc0 f   inflate.obj
 0001:00008e80       inflateGetHeader           0000000180009e80 f   inflate.obj
 0001:00008f30       inflateSync                0000000180009f30 f   inflate.obj
 0001:00009080       inflateSyncPoint           000000018000a080 f   inflate.obj
 0001:000090c0       inflateCopy                000000018000a0c0 f   inflate.obj
 0001:00009270       inflateUndermine           000000018000a270 f   inflate.obj
 0001:000092a0       inflateValidate            000000018000a2a0 f   inflate.obj
 0001:000092e0       inflateMark                000000018000a2e0 f   inflate.obj
 0001:00009350       inflateCodesUsed           000000018000a350 f   inflate.obj
 0001:00009390       inflate_table              000000018000a390 f   inftrees.obj
 0001:00009950       call_zopen64               000000018000a950 f   ioapi.obj
 0001:00009970       call_zseek64               000000018000a970 f   ioapi.obj
 0001:000099a0       call_ztell64               000000018000a9a0 f   ioapi.obj
 0001:000099e0       fill_zlib_filefunc64_32_def_from_filefunc32 000000018000a9e0 f   ioapi.obj
 0001:00009bf0       fill_fopen64_filefunc      000000018000abf0 f   ioapi.obj
 0001:00009d20       win32_open64_file_func     000000018000ad20 f   iowin32.obj
 0001:00009da0       win32_open64_file_funcA    000000018000ada0 f   iowin32.obj
 0001:00009e20       win32_open64_file_funcW    000000018000ae20 f   iowin32.obj
 0001:00009ea0       win32_open_file_func       000000018000aea0 f   iowin32.obj
 0001:00009f20       win32_read_file_func       000000018000af20 f   iowin32.obj
 0001:00009f90       win32_write_file_func      000000018000af90 f   iowin32.obj
 0001:0000a070       win32_tell_file_func       000000018000b070 f   iowin32.obj
 0001:0000a0d0       win32_tell64_file_func     000000018000b0d0 f   iowin32.obj
 0001:0000a130       win32_seek_file_func       000000018000b130 f   iowin32.obj
 0001:0000a1b0       win32_seek64_file_func     000000018000b1b0 f   iowin32.obj
 0001:0000a230       win32_close_file_func      000000018000b230 f   iowin32.obj
 0001:0000a270       win32_error_file_func      000000018000b270 f   iowin32.obj
 0001:0000a280       fill_win32_filefunc        000000018000b280 f   iowin32.obj
 0001:0000a2e0       fill_win32_filefunc64      000000018000b2e0 f   iowin32.obj
 0001:0000a340       fill_win32_filefunc64A     000000018000b340 f   iowin32.obj
 0001:0000a3a0       fill_win32_filefunc64W     000000018000b3a0 f   iowin32.obj
 0001:0000a800       _tr_init                   000000018000b800 f   trees.obj
 0001:0000b780       _tr_stored_block           000000018000c780 f   trees.obj
 0001:0000b890       _tr_flush_bits             000000018000c890 f   trees.obj
 0001:0000b8a0       _tr_align                  000000018000c8a0 f   trees.obj
 0001:0000be70       _tr_flush_block            000000018000ce70 f   trees.obj
 0001:0000c0a0       uncompress2                000000018000d0a0 f   uncompr.obj
 0001:0000c200       uncompress                 000000018000d200 f   uncompr.obj
 0001:0000c470       unzStringFileNameCompare   000000018000d470 f   unzip.obj
 0001:0000cc90       unzOpen2                   000000018000dc90 f   unzip.obj
 0001:0000cce0       unzOpen2_64                000000018000dce0 f   unzip.obj
 0001:0000cd40       unzOpen                    000000018000dd40 f   unzip.obj
 0001:0000cd50       unzOpen64                  000000018000dd50 f   unzip.obj
 0001:0000cd60       unzClose                   000000018000dd60 f   unzip.obj
 0001:0000cdb0       unzGetGlobalInfo64         000000018000ddb0 f   unzip.obj
 0001:0000cdd0       unzGetGlobalInfo           000000018000ddd0 f   unzip.obj
 0001:0000d3e0       unzGetCurrentFileInfo64    000000018000e3e0 f   unzip.obj
 0001:0000d430       unzGetCurrentFileInfo      000000018000e430 f   unzip.obj
 0001:0000d530       unzGoToFirstFile           000000018000e530 f   unzip.obj
 0001:0000d5b0       unzGoToNextFile            000000018000e5b0 f   unzip.obj
 0001:0000d670       unzLocateFile              000000018000e670 f   unzip.obj
 0001:0000d860       unzGetFilePos64            000000018000e860 f   unzip.obj
 0001:0000d8a0       unzGetFilePos              000000018000e8a0 f   unzip.obj
 0001:0000d8d0       unzGoToFilePos64           000000018000e8d0 f   unzip.obj
 0001:0000d950       unzGoToFilePos             000000018000e950 f   unzip.obj
 0001:0000dbb0       unzOpenCurrentFile3        000000018000ebb0 f   unzip.obj
 0001:0000de50       unzOpenCurrentFile         000000018000ee50 f   unzip.obj
 0001:0000de70       unzOpenCurrentFilePassword 000000018000ee70 f   unzip.obj
 0001:0000de90       unzOpenCurrentFile2        000000018000ee90 f   unzip.obj
 0001:0000deb0       unzGetCurrentFileZStreamPos64 000000018000eeb0 f   unzip.obj
 0001:0000ded0       unzReadCurrentFile         000000018000eed0 f   unzip.obj
 0001:0000e1a0       unztell                    000000018000f1a0 f   unzip.obj
 0001:0000e1c0       unztell64                  000000018000f1c0 f   unzip.obj
 0001:0000e1f0       unzeof                     000000018000f1f0 f   unzip.obj
 0001:0000e220       unzGetLocalExtrafield      000000018000f220 f   unzip.obj
 0001:0000e310       unzCloseCurrentFile        000000018000f310 f   unzip.obj
 0001:0000e3c0       unzGetGlobalComment        000000018000f3c0 f   unzip.obj
 0001:0000f3c0       zipOpen3                   00000001800103c0 f   zip.obj
 0001:0000f560       zipOpen2                   0000000180010560 f   zip.obj
 0001:0000f5b0       zipOpen2_64                00000001800105b0 f   zip.obj
 0001:0000f610       zipOpen                    0000000180010610 f   zip.obj
 0001:0000f620       zipOpen64                  0000000180010620 f   zip.obj
 0001:0000f890       zipOpenNewFileInZip4_64    0000000180010890 f   zip.obj
 0001:0000fe30       zipOpenNewFileInZip3       0000000180010e30 f   zip.obj
 0001:0000fee0       zipOpenNewFileInZip3_64    0000000180010ee0 f   zip.obj
 0001:0000ffa0       zipOpenNewFileInZip2       0000000180010fa0 f   zip.obj
 0001:00010030       zipOpenNewFileInZip2_64    0000000180011030 f   zip.obj
 0001:000100d0       zipOpenNewFileInZip64      00000001800110d0 f   zip.obj
 0001:00010160       zipOpenNewFileInZip        0000000180011160 f   zip.obj
 0001:000102d0       zipWriteInFileInZip        00000001800112d0 f   zip.obj
 0001:00010430       zipCloseFileInZipRaw       0000000180011430 f   zip.obj
 0001:00010440       zipCloseFileInZipRaw64     0000000180011440 f   zip.obj
 0001:000108c0       zipCloseFileInZip          00000001800118c0 f   zip.obj
 0001:00010c40       zipClose                   0000000180011c40 f   zip.obj
 0001:00010db0       zlibVersion                0000000180011db0 f   zutil.obj
 0001:00010dc0       zlibCompileFlags           0000000180011dc0 f   zutil.obj
 0001:00010dd0       zError                     0000000180011dd0 f   zutil.obj
 0001:00010df0       zcalloc                    0000000180011df0 f   zutil.obj
 0001:00010e00       zcfree                     0000000180011e00 f   zutil.obj
 0001:00010e0a       ReadFile                   0000000180011e0a f   kernel32:KERNEL32.dll
 0001:00010e10       WriteFile                  0000000180011e10 f   kernel32:KERNEL32.dll
 0001:00010e16       SetFilePointer             0000000180011e16 f   kernel32:KERNEL32.dll
 0001:00010e1c       CreateFileW                0000000180011e1c f   kernel32:KERNEL32.dll
 0001:00010e22       GetLastError               0000000180011e22 f   kernel32:KERNEL32.dll
 0001:00010e28       CreateFileA                0000000180011e28 f   kernel32:KERNEL32.dll
 0001:00010e2e       CloseHandle                0000000180011e2e f   kernel32:KERNEL32.dll
 0001:00011170       _CRT_INIT                  0000000180012170 f   MSVCRT:dll_dllmain.obj
 0001:00011178       _DllMainCRTStartup         0000000180012178 f   MSVCRT:dll_dllmain.obj
 0001:00011224       __security_init_cookie     0000000180012224 f   MSVCRT:gs_support.obj
 0001:000112d0       DllMain                    00000001800122d0 f   MSVCRT:dll_dllmain_stub.obj
 0001:000112f4       ?__scrt_initialize_type_info@@YAXXZ 00000001800122f4 f   MSVCRT:tncleanup.obj
 0001:00011304       ?__scrt_uninitialize_type_info@@YAXXZ 0000000180012304 f   MSVCRT:tncleanup.obj
 0001:00011310       __local_stdio_scanf_options 0000000180012310 f i MSVCRT:default_local_stdio_options.obj
 0001:00011318       __scrt_initialize_default_local_stdio_options 0000000180012318 f   MSVCRT:default_local_stdio_options.obj
 0001:00011334       ?configure_argv@__scrt_narrow_argv_policy@@SAHXZ 0000000180012334 f i MSVCRT:utility.obj
 0001:00011394       ?initialize_environment@__scrt_narrow_environment_policy@@SAHXZ 0000000180012394 f i MSVCRT:utility.obj
 0001:000113cc       NtCurrentTeb               00000001800123cc f i MSVCRT:utility.obj
 0001:000113d8       __scrt_acquire_startup_lock 00000001800123d8 f   MSVCRT:utility.obj
 0001:00011414       __scrt_dllmain_after_initialize_c 0000000180012414 f   MSVCRT:utility.obj
 0001:00011448       __scrt_dllmain_before_initialize_c 0000000180012448 f   MSVCRT:utility.obj
 0001:00011460       __scrt_dllmain_crt_thread_attach 0000000180012460 f   MSVCRT:utility.obj
 0001:00011488       __scrt_dllmain_crt_thread_detach 0000000180012488 f   MSVCRT:utility.obj
 0001:000114a0       __scrt_dllmain_exception_filter 00000001800124a0 f   MSVCRT:utility.obj
 0001:00011500       __scrt_dllmain_uninitialize_c 0000000180012500 f   MSVCRT:utility.obj
 0001:00011530       __scrt_dllmain_uninitialize_critical 0000000180012530 f   MSVCRT:utility.obj
 0001:00011544       __scrt_initialize_crt      0000000180012544 f   MSVCRT:utility.obj
 0001:00011590       __scrt_initialize_onexit_tables 0000000180012590 f   MSVCRT:utility.obj
 0001:0001161c       __scrt_is_nonwritable_in_current_image 000000018001261c f   MSVCRT:utility.obj
 0001:000116b4       __scrt_release_startup_lock 00000001800126b4 f   MSVCRT:utility.obj
 0001:000116d8       __scrt_uninitialize_crt    00000001800126d8 f   MSVCRT:utility.obj
 0001:00011704       _onexit                    0000000180012704 f   MSVCRT:utility.obj
 0001:00011740       at_quick_exit              0000000180012740 f   MSVCRT:utility.obj
 0001:00011760       atexit                     0000000180012760 f   MSVCRT:utility.obj
 0001:00011778       __scrt_get_dyn_tls_init_callback 0000000180012778 f   MSVCRT:dyn_tls_init.obj
 0001:00011780       __crt_debugger_hook        0000000180012780 f   MSVCRT:utility_desktop.obj
 0001:00011788       __scrt_fastfail            0000000180012788 f   MSVCRT:utility_desktop.obj
 0001:000118d4       __scrt_get_show_window_mode 00000001800128d4 f   MSVCRT:utility_desktop.obj
 0001:00011910       __scrt_initialize_mta      0000000180012910 f   MSVCRT:utility_desktop.obj
 0001:00011918       __scrt_initialize_winrt    0000000180012918 f   MSVCRT:utility_desktop.obj
 0001:0001191c       __scrt_is_managed_app      000000018001291c f   MSVCRT:utility_desktop.obj
 0001:00011970       __scrt_set_unhandled_exception_filter 0000000180012970 f   MSVCRT:utility_desktop.obj
 0001:00011980       __scrt_exe_initialize_mta  0000000180012980 f   MSVCRT:utility_desktop.obj
 0001:00011980       __scrt_stub_for_initialize_mta 0000000180012980 f   MSVCRT:utility_desktop.obj
 0001:00011984       __scrt_unhandled_exception_filter 0000000180012984 f   MSVCRT:utility_desktop.obj
 0001:000119e0       _RTC_Initialize            00000001800129e0 f   MSVCRT:initsect.obj
 0001:00011a1c       _RTC_Terminate             0000000180012a1c f   MSVCRT:initsect.obj
 0001:00011a58       _guard_check_icall_nop     0000000180012a58 f i MSVCRT:guard_support.obj
 0001:00011a5c       ReadNoFence64              0000000180012a5c f i MSVCRT:guard_support.obj
 0001:00011a60       ReadPointerNoFence         0000000180012a60 f i MSVCRT:guard_support.obj
 0001:00011a64       __castguard_check_failure_debugbreak 0000000180012a64 f i MSVCRT:guard_support.obj
 0001:00011a80       __castguard_check_failure_fastfail 0000000180012a80 f i MSVCRT:guard_support.obj
 0001:00011aa4       __castguard_check_failure_nop 0000000180012aa4 f i MSVCRT:guard_support.obj
 0001:00011aa8       __castguard_check_failure_os_handled 0000000180012aa8 f i MSVCRT:guard_support.obj
 0001:00011b04       __castguard_check_failure_user_handled 0000000180012b04 f i MSVCRT:guard_support.obj
 0001:00011b78       __castguard_set_user_handler 0000000180012b78 f i MSVCRT:guard_support.obj
 0001:00011b84       __castguard_slow_path_check_debugbreak 0000000180012b84 f i MSVCRT:guard_support.obj
 0001:00011bb8       __castguard_slow_path_check_fastfail 0000000180012bb8 f i MSVCRT:guard_support.obj
 0001:00011bf4       __castguard_slow_path_check_nop 0000000180012bf4 f i MSVCRT:guard_support.obj
 0001:00011bf8       __castguard_slow_path_check_os_handled 0000000180012bf8 f i MSVCRT:guard_support.obj
 0001:00011c4c       __castguard_slow_path_check_user_handled 0000000180012c4c f i MSVCRT:guard_support.obj
 0001:00011cb8       _guard_icall_checks_enforced 0000000180012cb8 f i MSVCRT:guard_support.obj
 0001:00011cd0       _guard_rf_checks_enforced  0000000180012cd0 f i MSVCRT:guard_support.obj
 0001:00011cd4       __isa_available_init       0000000180012cd4 f   MSVCRT:cpu_disp.obj
 0001:00011e80       _get_startup_argv_mode     0000000180012e80 f   MSVCRT:argv_mode.obj
 0001:00011e88       __scrt_is_ucrt_dll_in_use  0000000180012e88 f   MSVCRT:ucrt_detection.obj
 0001:00011ea0       __C_specific_handler       0000000180012ea0 f   vcruntime:VCRUNTIME140.dll
 0001:00011ea6       __std_type_info_destroy_list 0000000180012ea6 f   vcruntime:VCRUNTIME140.dll
 0001:00011eac       __current_exception        0000000180012eac f   vcruntime:VCRUNTIME140.dll
 0001:00011eb2       __current_exception_context 0000000180012eb2 f   vcruntime:VCRUNTIME140.dll
 0001:00011eb8       memset                     0000000180012eb8 f   vcruntime:VCRUNTIME140.dll
 0001:00011ebe       _lseeki64                  0000000180012ebe f   ucrt:api-ms-win-crt-stdio-l1-1-0.dll
 0001:00011ec4       _wopen                     0000000180012ec4 f   ucrt:api-ms-win-crt-stdio-l1-1-0.dll
 0001:00011eca       _open                      0000000180012eca f   ucrt:api-ms-win-crt-stdio-l1-1-0.dll
 0001:00011ed0       wcstombs                   0000000180012ed0 f   ucrt:api-ms-win-crt-convert-l1-1-0.dll
 0001:00011ed6       __stdio_common_vsprintf    0000000180012ed6 f   ucrt:api-ms-win-crt-stdio-l1-1-0.dll
 0001:00011edc       free                       0000000180012edc f   ucrt:api-ms-win-crt-heap-l1-1-0.dll
 0001:00011ee2       malloc                     0000000180012ee2 f   ucrt:api-ms-win-crt-heap-l1-1-0.dll
 0001:00011ee8       _read                      0000000180012ee8 f   ucrt:api-ms-win-crt-stdio-l1-1-0.dll
 0001:00011eee       _close                     0000000180012eee f   ucrt:api-ms-win-crt-stdio-l1-1-0.dll
 0001:00011ef4       _errno                     0000000180012ef4 f   ucrt:api-ms-win-crt-runtime-l1-1-0.dll
 0001:00011efa       strerror                   0000000180012efa f   ucrt:api-ms-win-crt-runtime-l1-1-0.dll
 0001:00011f00       _write                     0000000180012f00 f   ucrt:api-ms-win-crt-stdio-l1-1-0.dll
 0001:00011f06       ftell                      0000000180012f06 f   ucrt:api-ms-win-crt-stdio-l1-1-0.dll
 0001:00011f0c       ferror                     0000000180012f0c f   ucrt:api-ms-win-crt-stdio-l1-1-0.dll
 0001:00011f12       fopen                      0000000180012f12 f   ucrt:api-ms-win-crt-stdio-l1-1-0.dll
 0001:00011f18       fclose                     0000000180012f18 f   ucrt:api-ms-win-crt-stdio-l1-1-0.dll
 0001:00011f1e       fseek                      0000000180012f1e f   ucrt:api-ms-win-crt-stdio-l1-1-0.dll
 0001:00011f24       fwrite                     0000000180012f24 f   ucrt:api-ms-win-crt-stdio-l1-1-0.dll
 0001:00011f2a       _ftelli64                  0000000180012f2a f   ucrt:api-ms-win-crt-stdio-l1-1-0.dll
 0001:00011f30       fread                      0000000180012f30 f   ucrt:api-ms-win-crt-stdio-l1-1-0.dll
 0001:00011f36       _fseeki64                  0000000180012f36 f   ucrt:api-ms-win-crt-stdio-l1-1-0.dll
 0001:00011f3c       srand                      0000000180012f3c f   ucrt:api-ms-win-crt-utility-l1-1-0.dll
 0001:00011f42       rand                       0000000180012f42 f   ucrt:api-ms-win-crt-utility-l1-1-0.dll
 0001:00011f48       _time64                    0000000180012f48 f   ucrt:api-ms-win-crt-time-l1-1-0.dll
 0001:00011f4e       _initterm                  0000000180012f4e f   ucrt:api-ms-win-crt-runtime-l1-1-0.dll
 0001:00011f54       _initterm_e                0000000180012f54 f   ucrt:api-ms-win-crt-runtime-l1-1-0.dll
 0001:00011f5a       _seh_filter_dll            0000000180012f5a f   ucrt:api-ms-win-crt-runtime-l1-1-0.dll
 0001:00011f60       _configure_narrow_argv     0000000180012f60 f   ucrt:api-ms-win-crt-runtime-l1-1-0.dll
 0001:00011f66       _initialize_narrow_environment 0000000180012f66 f   ucrt:api-ms-win-crt-runtime-l1-1-0.dll
 0001:00011f6c       _initialize_onexit_table   0000000180012f6c f   ucrt:api-ms-win-crt-runtime-l1-1-0.dll
 0001:00011f72       _register_onexit_function  0000000180012f72 f   ucrt:api-ms-win-crt-runtime-l1-1-0.dll
 0001:00011f78       _execute_onexit_table      0000000180012f78 f   ucrt:api-ms-win-crt-runtime-l1-1-0.dll
 0001:00011f7e       _crt_atexit                0000000180012f7e f   ucrt:api-ms-win-crt-runtime-l1-1-0.dll
 0001:00011f84       _crt_at_quick_exit         0000000180012f84 f   ucrt:api-ms-win-crt-runtime-l1-1-0.dll
 0001:00011f8a       _cexit                     0000000180012f8a f   ucrt:api-ms-win-crt-runtime-l1-1-0.dll
 0001:00011f90       terminate                  0000000180012f90 f   ucrt:api-ms-win-crt-runtime-l1-1-0.dll
 0001:00011f96       QueryPerformanceCounter    0000000180012f96 f   kernel32:KERNEL32.dll
 0001:00011f9c       GetCurrentProcessId        0000000180012f9c f   kernel32:KERNEL32.dll
 0001:00011fa2       GetCurrentThreadId         0000000180012fa2 f   kernel32:KERNEL32.dll
 0001:00011fa8       GetSystemTimeAsFileTime    0000000180012fa8 f   kernel32:KERNEL32.dll
 0001:00011fae       DisableThreadLibraryCalls  0000000180012fae f   kernel32:KERNEL32.dll
 0001:00011fb4       InitializeSListHead        0000000180012fb4 f   kernel32:KERNEL32.dll
 0001:00011fba       RtlCaptureContext          0000000180012fba f   kernel32:KERNEL32.dll
 0001:00011fc0       RtlLookupFunctionEntry     0000000180012fc0 f   kernel32:KERNEL32.dll
 0001:00011fc6       RtlVirtualUnwind           0000000180012fc6 f   kernel32:KERNEL32.dll
 0001:00011fcc       IsDebuggerPresent          0000000180012fcc f   kernel32:KERNEL32.dll
 0001:00011fd2       UnhandledExceptionFilter   0000000180012fd2 f   kernel32:KERNEL32.dll
 0001:00011fd8       SetUnhandledExceptionFilter 0000000180012fd8 f   kernel32:KERNEL32.dll
 0001:00011fde       GetStartupInfoW            0000000180012fde f   kernel32:KERNEL32.dll
 0001:00011fe4       IsProcessorFeaturePresent  0000000180012fe4 f   kernel32:KERNEL32.dll
 0001:00011fea       GetModuleHandleW           0000000180012fea f   kernel32:KERNEL32.dll
 0001:00011ff0       __acrt_initialize          0000000180012ff0 f   MSVCRT:ucrt_stubs.obj
 0001:00011ff0       __scrt_stub_for_acrt_initialize 0000000180012ff0 f   MSVCRT:ucrt_stubs.obj
 0001:00011ff0       __vcrt_initialize          0000000180012ff0 f   MSVCRT:ucrt_stubs.obj
 0001:00011ff4       __acrt_thread_attach       0000000180012ff4 f   MSVCRT:ucrt_stubs.obj
 0001:00011ff4       __scrt_stub_for_acrt_thread_attach 0000000180012ff4 f   MSVCRT:ucrt_stubs.obj
 0001:00011ff4       __vcrt_thread_attach       0000000180012ff4 f   MSVCRT:ucrt_stubs.obj
 0001:00011ff8       __acrt_thread_detach       0000000180012ff8 f   MSVCRT:ucrt_stubs.obj
 0001:00011ff8       __scrt_stub_for_acrt_thread_detach 0000000180012ff8 f   MSVCRT:ucrt_stubs.obj
 0001:00011ff8       __vcrt_thread_detach       0000000180012ff8 f   MSVCRT:ucrt_stubs.obj
 0001:00011ffc       __acrt_uninitialize        0000000180012ffc f   MSVCRT:ucrt_stubs.obj
 0001:00011ffc       __scrt_stub_for_acrt_uninitialize 0000000180012ffc f   MSVCRT:ucrt_stubs.obj
 0001:00011ffc       __vcrt_uninitialize        0000000180012ffc f   MSVCRT:ucrt_stubs.obj
 0001:00012000       __acrt_uninitialize_critical 0000000180013000 f   MSVCRT:ucrt_stubs.obj
 0001:00012000       __scrt_stub_for_acrt_uninitialize_critical 0000000180013000 f   MSVCRT:ucrt_stubs.obj
 0001:00012000       __vcrt_uninitialize_critical 0000000180013000 f   MSVCRT:ucrt_stubs.obj
 0001:00012004       __scrt_stub_for_is_c_termination_complete 0000000180013004 f   MSVCRT:ucrt_stubs.obj
 0001:00012004       _is_c_termination_complete 0000000180013004 f   MSVCRT:ucrt_stubs.obj
 0001:00012020       __chkstk                   0000000180013020 f   MSVCRT:chkstk.obj
 0001:00012020       _alloca_probe              0000000180013020 f   MSVCRT:chkstk.obj
 0001:0001206e       memchr                     000000018001306e f   vcruntime:VCRUNTIME140.dll
 0001:00012074       memcpy                     0000000180013074 f   vcruntime:VCRUNTIME140.dll
 0001:0001207a       memmove                    000000018001307a f   vcruntime:VCRUNTIME140.dll
 0001:00012090       _guard_dispatch_icall_nop  0000000180013090 f   MSVCRT:guard_dispatch.obj
 0001:000120b0       _guard_xfg_dispatch_icall_nop 00000001800130b0 f   MSVCRT:guard_xfg_dispatch.obj
 0002:00000000       __imp_ReadFile             0000000180014000     kernel32:KERNEL32.dll
 0002:00000008       __imp_WriteFile            0000000180014008     kernel32:KERNEL32.dll
 0002:00000010       __imp_SetFilePointer       0000000180014010     kernel32:KERNEL32.dll
 0002:00000018       __imp_CreateFileW          0000000180014018     kernel32:KERNEL32.dll
 0002:00000020       __imp_GetLastError         0000000180014020     kernel32:KERNEL32.dll
 0002:00000028       __imp_CreateFileA          0000000180014028     kernel32:KERNEL32.dll
 0002:00000030       __imp_CloseHandle          0000000180014030     kernel32:KERNEL32.dll
 0002:00000038       __imp_GetCurrentProcessId  0000000180014038     kernel32:KERNEL32.dll
 0002:00000040       __imp_GetCurrentThreadId   0000000180014040     kernel32:KERNEL32.dll
 0002:00000048       __imp_GetSystemTimeAsFileTime 0000000180014048     kernel32:KERNEL32.dll
 0002:00000050       __imp_DisableThreadLibraryCalls 0000000180014050     kernel32:KERNEL32.dll
 0002:00000058       __imp_InitializeSListHead  0000000180014058     kernel32:KERNEL32.dll
 0002:00000060       __imp_RtlCaptureContext    0000000180014060     kernel32:KERNEL32.dll
 0002:00000068       __imp_RtlLookupFunctionEntry 0000000180014068     kernel32:KERNEL32.dll
 0002:00000070       __imp_RtlVirtualUnwind     0000000180014070     kernel32:KERNEL32.dll
 0002:00000078       __imp_GetModuleHandleW     0000000180014078     kernel32:KERNEL32.dll
 0002:00000080       __imp_IsProcessorFeaturePresent 0000000180014080     kernel32:KERNEL32.dll
 0002:00000088       __imp_GetStartupInfoW      0000000180014088     kernel32:KERNEL32.dll
 0002:00000090       __imp_SetUnhandledExceptionFilter 0000000180014090     kernel32:KERNEL32.dll
 0002:00000098       __imp_UnhandledExceptionFilter 0000000180014098     kernel32:KERNEL32.dll
 0002:000000a0       __imp_IsDebuggerPresent    00000001800140a0     kernel32:KERNEL32.dll
 0002:000000a8       __imp_QueryPerformanceCounter 00000001800140a8     kernel32:KERNEL32.dll
 0002:000000b0       \177KERNEL32_NULL_THUNK_DATA 00000001800140b0     kernel32:KERNEL32.dll
 0002:000000b8       __imp___current_exception_context 00000001800140b8     vcruntime:VCRUNTIME140.dll
 0002:000000c0       __imp___current_exception  00000001800140c0     vcruntime:VCRUNTIME140.dll
 0002:000000c8       __imp___std_type_info_destroy_list 00000001800140c8     vcruntime:VCRUNTIME140.dll
 0002:000000d0       __imp___C_specific_handler 00000001800140d0     vcruntime:VCRUNTIME140.dll
 0002:000000d8       __imp_memset               00000001800140d8     vcruntime:VCRUNTIME140.dll
 0002:000000e0       __imp_memcpy               00000001800140e0     vcruntime:VCRUNTIME140.dll
 0002:000000e8       __imp_memchr               00000001800140e8     vcruntime:VCRUNTIME140.dll
 0002:000000f0       __imp_memmove              00000001800140f0     vcruntime:VCRUNTIME140.dll
 0002:000000f8       \177VCRUNTIME140_NULL_THUNK_DATA 00000001800140f8     vcruntime:VCRUNTIME140.dll
 0002:00000100       __imp_wcstombs             0000000180014100     ucrt:api-ms-win-crt-convert-l1-1-0.dll
 0002:00000108       \177api-ms-win-crt-convert-l1-1-0_NULL_THUNK_DATA 0000000180014108     ucrt:api-ms-win-crt-convert-l1-1-0.dll
 0002:00000110       __imp_malloc               0000000180014110     ucrt:api-ms-win-crt-heap-l1-1-0.dll
 0002:00000118       __imp_free                 0000000180014118     ucrt:api-ms-win-crt-heap-l1-1-0.dll
 0002:00000120       \177api-ms-win-crt-heap-l1-1-0_NULL_THUNK_DATA 0000000180014120     ucrt:api-ms-win-crt-heap-l1-1-0.dll
 0002:00000128       __imp_terminate            0000000180014128     ucrt:api-ms-win-crt-runtime-l1-1-0.dll
 0002:00000130       __imp__initterm            0000000180014130     ucrt:api-ms-win-crt-runtime-l1-1-0.dll
 0002:00000138       __imp__initterm_e          0000000180014138     ucrt:api-ms-win-crt-runtime-l1-1-0.dll
 0002:00000140       __imp__seh_filter_dll      0000000180014140     ucrt:api-ms-win-crt-runtime-l1-1-0.dll
 0002:00000148       __imp__configure_narrow_argv 0000000180014148     ucrt:api-ms-win-crt-runtime-l1-1-0.dll
 0002:00000150       __imp__initialize_narrow_environment 0000000180014150     ucrt:api-ms-win-crt-runtime-l1-1-0.dll
 0002:00000158       __imp__initialize_onexit_table 0000000180014158     ucrt:api-ms-win-crt-runtime-l1-1-0.dll
 0002:00000160       __imp__register_onexit_function 0000000180014160     ucrt:api-ms-win-crt-runtime-l1-1-0.dll
 0002:00000168       __imp__execute_onexit_table 0000000180014168     ucrt:api-ms-win-crt-runtime-l1-1-0.dll
 0002:00000170       __imp__crt_atexit          0000000180014170     ucrt:api-ms-win-crt-runtime-l1-1-0.dll
 0002:00000178       __imp__crt_at_quick_exit   0000000180014178     ucrt:api-ms-win-crt-runtime-l1-1-0.dll
 0002:00000180       __imp__cexit               0000000180014180     ucrt:api-ms-win-crt-runtime-l1-1-0.dll
 0002:00000188       __imp_strerror             0000000180014188     ucrt:api-ms-win-crt-runtime-l1-1-0.dll
 0002:00000190       __imp__errno               0000000180014190     ucrt:api-ms-win-crt-runtime-l1-1-0.dll
 0002:00000198       \177api-ms-win-crt-runtime-l1-1-0_NULL_THUNK_DATA 0000000180014198     ucrt:api-ms-win-crt-runtime-l1-1-0.dll
 0002:000001a0       __imp_fwrite               00000001800141a0     ucrt:api-ms-win-crt-stdio-l1-1-0.dll
 0002:000001a8       __imp__fseeki64            00000001800141a8     ucrt:api-ms-win-crt-stdio-l1-1-0.dll
 0002:000001b0       __imp__open                00000001800141b0     ucrt:api-ms-win-crt-stdio-l1-1-0.dll
 0002:000001b8       __imp_fread                00000001800141b8     ucrt:api-ms-win-crt-stdio-l1-1-0.dll
 0002:000001c0       __imp_fclose               00000001800141c0     ucrt:api-ms-win-crt-stdio-l1-1-0.dll
 0002:000001c8       __imp_fopen                00000001800141c8     ucrt:api-ms-win-crt-stdio-l1-1-0.dll
 0002:000001d0       __imp_ferror               00000001800141d0     ucrt:api-ms-win-crt-stdio-l1-1-0.dll
 0002:000001d8       __imp_ftell                00000001800141d8     ucrt:api-ms-win-crt-stdio-l1-1-0.dll
 0002:000001e0       __imp__write               00000001800141e0     ucrt:api-ms-win-crt-stdio-l1-1-0.dll
 0002:000001e8       __imp__lseeki64            00000001800141e8     ucrt:api-ms-win-crt-stdio-l1-1-0.dll
 0002:000001f0       __imp__wopen               00000001800141f0     ucrt:api-ms-win-crt-stdio-l1-1-0.dll
 0002:000001f8       __imp__close               00000001800141f8     ucrt:api-ms-win-crt-stdio-l1-1-0.dll
 0002:00000200       __imp__read                0000000180014200     ucrt:api-ms-win-crt-stdio-l1-1-0.dll
 0002:00000208       __imp__ftelli64            0000000180014208     ucrt:api-ms-win-crt-stdio-l1-1-0.dll
 0002:00000210       __imp_fseek                0000000180014210     ucrt:api-ms-win-crt-stdio-l1-1-0.dll
 0002:00000218       __imp___stdio_common_vsprintf 0000000180014218     ucrt:api-ms-win-crt-stdio-l1-1-0.dll
 0002:00000220       \177api-ms-win-crt-stdio-l1-1-0_NULL_THUNK_DATA 0000000180014220     ucrt:api-ms-win-crt-stdio-l1-1-0.dll
 0002:00000228       __imp__time64              0000000180014228     ucrt:api-ms-win-crt-time-l1-1-0.dll
 0002:00000230       \177api-ms-win-crt-time-l1-1-0_NULL_THUNK_DATA 0000000180014230     ucrt:api-ms-win-crt-time-l1-1-0.dll
 0002:00000238       __imp_srand                0000000180014238     ucrt:api-ms-win-crt-utility-l1-1-0.dll
 0002:00000240       __imp_rand                 0000000180014240     ucrt:api-ms-win-crt-utility-l1-1-0.dll
 0002:00000248       \177api-ms-win-crt-utility-l1-1-0_NULL_THUNK_DATA 0000000180014248     ucrt:api-ms-win-crt-utility-l1-1-0.dll
 0002:00000250       __guard_check_icall_fptr   0000000180014250     MSVCRT:guard_support.obj
 0002:00000258       __guard_xfg_check_icall_fptr 0000000180014258     MSVCRT:guard_support.obj
 0002:00000260       __guard_dispatch_icall_fptr 0000000180014260     MSVCRT:guard_support.obj
 0002:00000268       __guard_xfg_dispatch_icall_fptr 0000000180014268     MSVCRT:guard_support.obj
 0002:00000270       __guard_xfg_table_dispatch_icall_fptr 0000000180014270     MSVCRT:guard_support.obj
 0002:00000278       __castguard_check_failure_os_handled_fptr 0000000180014278     MSVCRT:guard_support.obj
 0002:00000280       __guard_memcpy_fptr        0000000180014280     vcruntime:softmemtag.obj
 0002:00000288       __xc_a                     0000000180014288     MSVCRT:initializers.obj
 0002:00000290       __xc_z                     0000000180014290     MSVCRT:initializers.obj
 0002:00000298       __xi_a                     0000000180014298     MSVCRT:initializers.obj
 0002:000002a0       __xi_z                     00000001800142a0     MSVCRT:initializers.obj
 0002:000002a8       __xp_a                     00000001800142a8     MSVCRT:initializers.obj
 0002:000002b0       __xp_z                     00000001800142b0     MSVCRT:initializers.obj
 0002:000002b8       __xt_a                     00000001800142b8     MSVCRT:initializers.obj
 0002:000002c0       __xt_z                     00000001800142c0     MSVCRT:initializers.obj
 0002:000002d0       _pDefaultRawDllMain        00000001800142d0     MSVCRT:dll_dllmain.obj
 0002:000002d0       _pRawDllMain               00000001800142d0     MSVCRT:dll_dllmain.obj
 0002:000002e0       __xmm@ffffffffffffffffffffffffffffffff 00000001800142e0     MSVCRT:utility.obj
 0002:000002f0       ??_C@_03FAJELBPN@1?43@     00000001800142f0     compress.obj
 0002:00003e90       _length_code               0000000180017e90     trees.obj
 0002:00003f90       _dist_code                 0000000180017f90     trees.obj
 0002:00004960       unz_copyright              0000000180018960     unzip.obj
 0002:000049c0       z_errmsg                   00000001800189c0     zutil.obj
 0002:00004a10       ??_C@_02DKCKIIND@?$CFs@    0000000180018a10     gzlib.obj
 0002:00004a18       ??_C@_07EBNKNFJN@?$DMfd?3?$CFd?$DO@ 0000000180018a18     gzlib.obj
 0002:00004a20       ??_C@_0O@BNNCBLEN@out?5of?5memory@ 0000000180018a20     gzlib.obj
 0002:00004a2e       ??_C@_00CNPNBAHC@@         0000000180018a2e     gzlib.obj
 0002:00004a30       ??_C@_02LMMGGCAJ@?3?5@     0000000180018a30     gzlib.obj
 0002:00004a34       ??_C@_06DIJPEION@?$CFs?$CFs?$CFs@ 0000000180018a34     gzlib.obj
 0002:00004a40       ??_C@_0BH@CFIIDOJD@unexpected?5end?5of?5file@ 0000000180018a40     gzread.obj
 0002:00004a58       ??_C@_0CH@CPOLIEKA@internal?5error?3?5inflate?5stream?5@ 0000000180018a58     gzread.obj
 0002:00004a80       ??_C@_0BG@HCKBMIHF@compressed?5data?5error@ 0000000180018a80     gzread.obj
 0002:00004a98       ??_C@_0BP@HLDABFKK@request?5does?5not?5fit?5in?5an?5int@ 0000000180018a98     gzread.obj
 0002:00004ab8       ??_C@_0CB@EGGJDMIK@request?5does?5not?5fit?5in?5a?5size_@ 0000000180018ab8     gzread.obj
 0002:00004ae0       ??_C@_0BP@IIKIGMCC@out?5of?5room?5to?5push?5characters@ 0000000180018ae0     gzread.obj
 0002:00004b00       ??_C@_0CH@DEEGAHIB@internal?5error?3?5deflate?5stream?5@ 0000000180018b00     gzwrite.obj
 0002:00004b28       ??_C@_0CF@MLPJFDMM@requested?5length?5does?5not?5fit?5i@ 0000000180018b28     gzwrite.obj
 0002:00004b50       ??_C@_0CC@ENDIFONJ@string?5length?5does?5not?5fit?5in?5i@ 0000000180018b50     gzwrite.obj
 0002:00004b78       ??_C@_0BD@PJCBIDD@invalid?5block?5type@ 0000000180018b78     infback.obj
 0002:00004b90       ??_C@_0BN@LGAADGOK@invalid?5stored?5block?5lengths@ 0000000180018b90     infback.obj
 0002:00004bb0       ??_C@_0CE@GMIGFPBB@too?5many?5length?5or?5distance?5sym@ 0000000180018bb0     infback.obj
 0002:00004bd8       ??_C@_0BJ@HDEPPGOH@invalid?5code?5lengths?5set@ 0000000180018bd8     infback.obj
 0002:00004bf8       ??_C@_0BK@BMMPFBBH@invalid?5bit?5length?5repeat@ 0000000180018bf8     infback.obj
 0002:00004c18       ??_C@_0CF@DGDMADCD@invalid?5code?5?9?9?5missing?5end?9of?9@ 0000000180018c18     infback.obj
 0002:00004c40       ??_C@_0BM@IIMGAINC@invalid?5literal?1lengths?5set@ 0000000180018c40     infback.obj
 0002:00004c60       ??_C@_0BG@GMDFCBGP@invalid?5distances?5set@ 0000000180018c60     infback.obj
 0002:00004c78       ??_C@_0BM@FFFLPBBC@invalid?5literal?1length?5code@ 0000000180018c78     infback.obj
 0002:00004c98       ??_C@_0BG@LBKINIKP@invalid?5distance?5code@ 0000000180018c98     infback.obj
 0002:00004cb0       ??_C@_0BO@ECPMAOGG@invalid?5distance?5too?5far?5back@ 0000000180018cb0     infback.obj
 0002:00004cd0       ??_C@_0BH@LIBMMIGA@incorrect?5header?5check@ 0000000180018cd0     inflate.obj
 0002:00004ce8       ??_C@_0BL@IHKGDAEE@unknown?5compression?5method@ 0000000180018ce8     inflate.obj
 0002:00004d08       ??_C@_0BE@EMOGCLGO@invalid?5window?5size@ 0000000180018d08     inflate.obj
 0002:00004d20       ??_C@_0BJ@BLBBCOMO@unknown?5header?5flags?5set@ 0000000180018d20     inflate.obj
 0002:00004d40       ??_C@_0BE@GONKLEPM@header?5crc?5mismatch@ 0000000180018d40     inflate.obj
 0002:00004d58       ??_C@_0BF@MEIGEHBE@incorrect?5data?5check@ 0000000180018d58     inflate.obj
 0002:00004d70       ??_C@_0BH@FGKKJGOC@incorrect?5length?5check@ 0000000180018d70     inflate.obj
 0002:00004d88       ??_C@_02JDPG@rb@           0000000180018d88     ioapi.obj
 0002:00004d8c       ??_C@_03HMFOOINA@r?$CLb@   0000000180018d8c     ioapi.obj
 0002:00004d90       ??_C@_02GMLFBBN@wb@        0000000180018d90     ioapi.obj
 0002:00004d94       ??_C@_01JOAMLHOP@?9@       0000000180018d94     zip.obj
 0002:00004d98       ??_C@_0BA@MOKMMFOD@need?5dictionary@ 0000000180018d98     zutil.obj
 0002:00004da8       ??_C@_0L@FNAOCBOG@stream?5end@ 0000000180018da8     zutil.obj
 0002:00004db8       ??_C@_0L@KIJFAKBJ@file?5error@ 0000000180018db8     zutil.obj
 0002:00004dc8       ??_C@_0N@MKKNPMJD@stream?5error@ 0000000180018dc8     zutil.obj
 0002:00004dd8       ??_C@_0L@HAHMBNLP@data?5error@ 0000000180018dd8     zutil.obj
 0002:00004de8       ??_C@_0BE@OGGJBMCE@insufficient?5memory@ 0000000180018de8     zutil.obj
 0002:00004e00       ??_C@_0N@DFPGLBGC@buffer?5error@ 0000000180018e00     zutil.obj
 0002:00004e10       ??_C@_0BF@CJFPCCEG@incompatible?5version@ 0000000180018e10     zutil.obj
 0002:00004e30       _load_config_used          0000000180018e30     MSVCRT:loadcfg.obj
 0002:00005000       __CastGuardVftablesStart   0000000180019000     MSVCRT:guard_support.obj
 0002:00005080       __CastGuardVftablesEnd     0000000180019080     MSVCRT:guard_support.obj
 0002:00005100       __volatile_metadata        0000000180019100     <linker-defined>
 0002:000054c8       __rtc_iaa                  00000001800194c8     MSVCRT:initsect.obj
 0002:000054d0       __rtc_izz                  00000001800194d0     MSVCRT:initsect.obj
 0002:000054d8       __rtc_taa                  00000001800194d8     MSVCRT:initsect.obj
 0002:000054e0       __rtc_tzz                  00000001800194e0     MSVCRT:initsect.obj
 0002:00007a40       __IMPORT_DESCRIPTOR_KERNEL32 000000018001ba40     kernel32:KERNEL32.dll
 0002:00007a54       __IMPORT_DESCRIPTOR_VCRUNTIME140 000000018001ba54     vcruntime:VCRUNTIME140.dll
 0002:00007a68       __IMPORT_DESCRIPTOR_api-ms-win-crt-stdio-l1-1-0 000000018001ba68     ucrt:api-ms-win-crt-stdio-l1-1-0.dll
 0002:00007a7c       __IMPORT_DESCRIPTOR_api-ms-win-crt-convert-l1-1-0 000000018001ba7c     ucrt:api-ms-win-crt-convert-l1-1-0.dll
 0002:00007a90       __IMPORT_DESCRIPTOR_api-ms-win-crt-heap-l1-1-0 000000018001ba90     ucrt:api-ms-win-crt-heap-l1-1-0.dll
 0002:00007aa4       __IMPORT_DESCRIPTOR_api-ms-win-crt-runtime-l1-1-0 000000018001baa4     ucrt:api-ms-win-crt-runtime-l1-1-0.dll
 0002:00007ab8       __IMPORT_DESCRIPTOR_api-ms-win-crt-utility-l1-1-0 000000018001bab8     ucrt:api-ms-win-crt-utility-l1-1-0.dll
 0002:00007acc       __IMPORT_DESCRIPTOR_api-ms-win-crt-time-l1-1-0 000000018001bacc     ucrt:api-ms-win-crt-time-l1-1-0.dll
 0002:00007ae0       __NULL_IMPORT_DESCRIPTOR   000000018001bae0     kernel32:KERNEL32.dll
 0003:00000000       __scrt_native_dllmain_reason 000000018001d000     MSVCRT:utility.obj
 0003:00000008       __security_cookie_complement 000000018001d008     MSVCRT:gs_cookie.obj
 0003:00000010       __security_cookie          000000018001d010     MSVCRT:gs_cookie.obj
 0003:00000018       __isa_available            000000018001d018     MSVCRT:cpu_disp.obj
 0003:0000001c       __isa_enabled              000000018001d01c     MSVCRT:cpu_disp.obj
 0003:00000020       __memset_fast_string_threshold 000000018001d020     MSVCRT:cpu_disp.obj
 0003:00000028       __memset_nt_threshold      000000018001d028     MSVCRT:cpu_disp.obj
 0003:00000030       __scrt_ucrt_dll_is_in_use  000000018001d030     MSVCRT:ucrt_stubs.obj
 0003:00000050       ?__type_info_root_node@@3U__type_info_node@@A 000000018001d050     MSVCRT:tncleanup.obj
 0003:00000060       ?_OptionsStorage@?1??__local_stdio_printf_options@@9@4_KA 000000018001d060     MSVCRT:default_local_stdio_options.obj
 0003:00000068       ?_OptionsStorage@?1??__local_stdio_scanf_options@@9@4_KA 000000018001d068     MSVCRT:default_local_stdio_options.obj
 0003:00000070       __scrt_current_native_startup_state 000000018001d070     MSVCRT:utility.obj
 0003:00000078       __scrt_native_startup_lock 000000018001d078     MSVCRT:utility.obj
 0003:000000b8       __scrt_debugger_hook_flag  000000018001d0b8     MSVCRT:utility_desktop.obj
 0003:000000c0       __castguard_check_failure_user_handled_fptr 000000018001d0c0     MSVCRT:guard_support.obj
 0003:000000c8       __favor                    000000018001d0c8     MSVCRT:cpu_disp.obj
 0003:000000d0       __dyn_tls_init_callback    000000018001d0d0     <common>
 0003:000000d8       ?_OptionsStorage@?1??__local_stdio_printf_options@@9@9 000000018001d0d8     <common>
 0003:000000e0       ?_OptionsStorage@?1??__local_stdio_scanf_options@@9@9 000000018001d0e0     <common>

 entry point at        0001:00011178

 Static symbols

 0000:fffde000       .debug$S                   0000000180000000     zlibwapi.exp
 0000:fffde000       .debug$S                   0000000180000000     ucrt:api-ms-win-crt-convert-l1-1-0.dll
 0000:fffde000       .debug$S                   0000000180000000     ucrt:api-ms-win-crt-heap-l1-1-0.dll
 0000:fffde000       .debug$S                   0000000180000000     ucrt:api-ms-win-crt-heap-l1-1-0.dll
 0000:fffde000       .debug$S                   0000000180000000     ucrt:api-ms-win-crt-runtime-l1-1-0.dll
 0000:fffde000       .debug$S                   0000000180000000     ucrt:api-ms-win-crt-runtime-l1-1-0.dll
 0000:fffde000       .debug$S                   0000000180000000     ucrt:api-ms-win-crt-runtime-l1-1-0.dll
 0000:fffde000       .debug$S                   0000000180000000     ucrt:api-ms-win-crt-runtime-l1-1-0.dll
 0000:fffde000       .debug$S                   0000000180000000     ucrt:api-ms-win-crt-runtime-l1-1-0.dll
 0000:fffde000       .debug$S                   0000000180000000     ucrt:api-ms-win-crt-runtime-l1-1-0.dll
 0000:fffde000       .debug$S                   0000000180000000     ucrt:api-ms-win-crt-runtime-l1-1-0.dll
 0000:fffde000       .debug$S                   0000000180000000     ucrt:api-ms-win-crt-runtime-l1-1-0.dll
 0000:fffde000       .debug$S                   0000000180000000     ucrt:api-ms-win-crt-runtime-l1-1-0.dll
 0000:fffde000       .debug$S                   0000000180000000     ucrt:api-ms-win-crt-runtime-l1-1-0.dll
 0000:fffde000       .debug$S                   0000000180000000     ucrt:api-ms-win-crt-runtime-l1-1-0.dll
 0000:fffde000       .debug$S                   0000000180000000     ucrt:api-ms-win-crt-runtime-l1-1-0.dll
 0000:fffde000       .debug$S                   0000000180000000     ucrt:api-ms-win-crt-runtime-l1-1-0.dll
 0000:fffde000       .debug$S                   0000000180000000     ucrt:api-ms-win-crt-runtime-l1-1-0.dll
 0000:fffde000       .debug$S                   0000000180000000     ucrt:api-ms-win-crt-stdio-l1-1-0.dll
 0000:fffde000       .debug$S                   0000000180000000     ucrt:api-ms-win-crt-stdio-l1-1-0.dll
 0000:fffde000       .debug$S                   0000000180000000     ucrt:api-ms-win-crt-stdio-l1-1-0.dll
 0000:fffde000       .debug$S                   0000000180000000     ucrt:api-ms-win-crt-stdio-l1-1-0.dll
 0000:fffde000       .debug$S                   0000000180000000     ucrt:api-ms-win-crt-stdio-l1-1-0.dll
 0000:fffde000       .debug$S                   0000000180000000     ucrt:api-ms-win-crt-stdio-l1-1-0.dll
 0000:fffde000       .debug$S                   0000000180000000     ucrt:api-ms-win-crt-stdio-l1-1-0.dll
 0000:fffde000       .debug$S                   0000000180000000     ucrt:api-ms-win-crt-stdio-l1-1-0.dll
 0000:fffde000       .debug$S                   0000000180000000     ucrt:api-ms-win-crt-stdio-l1-1-0.dll
 0000:fffde000       .debug$S                   0000000180000000     ucrt:api-ms-win-crt-stdio-l1-1-0.dll
 0000:fffde000       .debug$S                   0000000180000000     ucrt:api-ms-win-crt-stdio-l1-1-0.dll
 0000:fffde000       .debug$S                   0000000180000000     ucrt:api-ms-win-crt-stdio-l1-1-0.dll
 0000:fffde000       .debug$S                   0000000180000000     ucrt:api-ms-win-crt-stdio-l1-1-0.dll
 0000:fffde000       .debug$S                   0000000180000000     ucrt:api-ms-win-crt-stdio-l1-1-0.dll
 0000:fffde000       .debug$S                   0000000180000000     ucrt:api-ms-win-crt-stdio-l1-1-0.dll
 0000:fffde000       .debug$S                   0000000180000000     ucrt:api-ms-win-crt-stdio-l1-1-0.dll
 0000:fffde000       .debug$S                   0000000180000000     ucrt:api-ms-win-crt-time-l1-1-0.dll
 0000:fffde000       .debug$S                   0000000180000000     ucrt:api-ms-win-crt-utility-l1-1-0.dll
 0000:fffde000       .debug$S                   0000000180000000     ucrt:api-ms-win-crt-utility-l1-1-0.dll
 0000:fffde000       .debug$S                   0000000180000000     kernel32:KERNEL32.dll
 0000:fffde000       .debug$S                   0000000180000000     kernel32:KERNEL32.dll
 0000:fffde000       .debug$S                   0000000180000000     kernel32:KERNEL32.dll
 0000:fffde000       .debug$S                   0000000180000000     kernel32:KERNEL32.dll
 0000:fffde000       .debug$S                   0000000180000000     kernel32:KERNEL32.dll
 0000:fffde000       .debug$S                   0000000180000000     kernel32:KERNEL32.dll
 0000:fffde000       .debug$S                   0000000180000000     kernel32:KERNEL32.dll
 0000:fffde000       .debug$S                   0000000180000000     kernel32:KERNEL32.dll
 0000:fffde000       .debug$S                   0000000180000000     kernel32:KERNEL32.dll
 0000:fffde000       .debug$S                   0000000180000000     kernel32:KERNEL32.dll
 0000:fffde000       .debug$S                   0000000180000000     kernel32:KERNEL32.dll
 0000:fffde000       .debug$S                   0000000180000000     kernel32:KERNEL32.dll
 0000:fffde000       .debug$S                   0000000180000000     kernel32:KERNEL32.dll
 0000:fffde000       .debug$S                   0000000180000000     kernel32:KERNEL32.dll
 0000:fffde000       .debug$S                   0000000180000000     kernel32:KERNEL32.dll
 0000:fffde000       .debug$S                   0000000180000000     kernel32:KERNEL32.dll
 0000:fffde000       .debug$S                   0000000180000000     kernel32:KERNEL32.dll
 0000:fffde000       .debug$S                   0000000180000000     kernel32:KERNEL32.dll
 0000:fffde000       .debug$S                   0000000180000000     kernel32:KERNEL32.dll
 0000:fffde000       .debug$S                   0000000180000000     kernel32:KERNEL32.dll
 0000:fffde000       .debug$S                   0000000180000000     kernel32:KERNEL32.dll
 0000:fffde000       .debug$S                   0000000180000000     kernel32:KERNEL32.dll
 0000:00000000       _volmd                     0000000180000000     MSVCRT:cpu_disp.obj
 0002:fffec000       __guard_ehcont_?dllmain_dispatch@@YAHQEAUHINSTANCE__@@KQEAX@Z 0000000180000000     MSVCRT:dll_dllmain.obj
 0002:fffec000       __guard_fids_?dllmain_dispatch@@YAHQEAUHINSTANCE__@@KQEAX@Z 0000000180000000     MSVCRT:dll_dllmain.obj
 0002:fffec000       __guard_fids__             0000000180000000     MSVCRT:guard_support.obj
 0002:fffec000       __guard_fids__             0000000180000000     MSVCRT:guard_support.obj
 0002:fffec000       __guard_fids__guard_icall_checks_enforced 0000000180000000     MSVCRT:guard_support.obj
 0000:00000000       _volmd                     0000000180000000     MSVCRT:guard_support.obj
 0000:00000000       _volmd                     0000000180000000     MSVCRT:guard_support.obj
 0000:00000000       _volmd                     0000000180000000     MSVCRT:guard_support.obj
 0000:00000000       _volmd                     0000000180000000     MSVCRT:guard_support.obj
 0000:00000000       _volmd                     0000000180000000     MSVCRT:guard_support.obj
 0000:00000000       _volmd                     0000000180000000     MSVCRT:guard_support.obj
 0000:00000000       _volmd                     0000000180000000     MSVCRT:guard_support.obj
 0000:00000000       _volmd                     0000000180000000     MSVCRT:guard_support.obj
 0000:00000000       _volmd                     0000000180000000     MSVCRT:guard_support.obj
 0000:00000000       _volmd                     0000000180000000     MSVCRT:guard_support.obj
 0002:fffec000       __guard_ehcont___scrt_is_nonwritable_in_current_image 0000000180000000     MSVCRT:utility.obj
 0000:00000000       _volmd                     0000000180000000     MSVCRT:utility.obj
 0000:00000000       _volmd                     0000000180000000     MSVCRT:utility.obj
 0000:00000000       _volmd                     0000000180000000     MSVCRT:utility.obj
 0002:fffec000       __guard_fids___scrt_set_unhandled_exception_filter 0000000180000000     MSVCRT:utility_desktop.obj
 0000:00000000       _volmd                     0000000180000000     MSVCRT:utility_desktop.obj
 0002:fffec000       __guard_fids__             0000000180000000     vcruntime:softmemtag.obj
 0000:fffde000       .debug$S                   0000000180000000     vcruntime:VCRUNTIME140.dll
 0000:fffde000       .debug$S                   0000000180000000     vcruntime:VCRUNTIME140.dll
 0000:fffde000       .debug$S                   0000000180000000     vcruntime:VCRUNTIME140.dll
 0000:fffde000       .debug$S                   0000000180000000     vcruntime:VCRUNTIME140.dll
 0000:fffde000       .debug$S                   0000000180000000     vcruntime:VCRUNTIME140.dll
 0000:fffde000       .debug$S                   0000000180000000     vcruntime:VCRUNTIME140.dll
 0000:fffde000       .debug$S                   0000000180000000     vcruntime:VCRUNTIME140.dll
 0000:fffde000       .debug$S                   0000000180000000     vcruntime:VCRUNTIME140.dll
 0001:000002f0       adler32_combine_           00000001800012f0 f   adler32.obj
 0001:00000520       byte_swap                  0000000180001520 f   crc32.obj
 0001:00000530       multmodp                   0000000180001530 f   crc32.obj
 0001:00000570       x2nmodp                    0000000180001570 f   crc32.obj
 0001:000005d0       crc_word                   00000001800015d0 f   crc32.obj
 0001:00000610       crc_word_big               0000000180001610 f   crc32.obj
 0001:00000aa0       slide_hash                 0000000180001aa0 f   deflate.obj
 0001:00000b20       read_buf                   0000000180001b20 f   deflate.obj
 0001:00000bc0       fill_window                0000000180001bc0 f   deflate.obj
 0001:000010c0       deflateStateCheck          00000001800020c0 f   deflate.obj
 0001:00001430       lm_init                    0000000180002430 f   deflate.obj
 0001:00001980       putShortMSB                0000000180002980 f   deflate.obj
 0001:000019b0       flush_pending              00000001800029b0 f   deflate.obj
 0001:00002630       longest_match              0000000180003630 f   deflate.obj
 0001:000027f0       deflate_stored             00000001800037f0 f   deflate.obj
 0001:00002c30       deflate_fast               0000000180003c30 f   deflate.obj
 0001:00003090       deflate_slow               0000000180004090 f   deflate.obj
 0001:00003600       deflate_rle                0000000180004600 f   deflate.obj
 0001:00003950       deflate_huff               0000000180004950 f   deflate.obj
 0001:00003c40       gz_reset                   0000000180004c40 f   gzlib.obj
 0001:00003c90       gz_open                    0000000180004c90 f   gzlib.obj
 0001:00003f40       $LN55                      0000000180004f40     gzlib.obj
 0001:00003f6c       $LN54                      0000000180004f6c     gzlib.obj
 0001:00004530       gz_load                    0000000180005530 f   gzread.obj
 0001:000045e0       gz_avail                   00000001800055e0 f   gzread.obj
 0001:00004670       gz_look                    0000000180005670 f   gzread.obj
 0001:00004830       gz_decomp                  0000000180005830 f   gzread.obj
 0001:00004950       gz_fetch                   0000000180005950 f   gzread.obj
 0001:00004a00       gz_skip                    0000000180005a00 f   gzread.obj
 0001:00004a80       gz_read                    0000000180005a80 f   gzread.obj
 0001:000050e0       gz_init                    00000001800060e0 f   gzwrite.obj
 0001:00005200       gz_comp                    0000000180006200 f   gzwrite.obj
 0001:000053c0       gz_zero                    00000001800063c0 f   gzwrite.obj
 0001:00005470       gz_write                   0000000180006470 f   gzwrite.obj
 0001:00005ce0       fixedtables                0000000180006ce0 f   infback.obj
 0001:00006b84       $LN481                     0000000180007b84     infback.obj
 0001:00007120       inflateStateCheck          0000000180008120 f   inflate.obj
 0001:00007450       fixedtables                0000000180008450 f   inflate.obj
 0001:00007480       updatewindow               0000000180008480 f   inflate.obj
 0001:00008c44       $LN820                     0000000180009c44     inflate.obj
 0001:00008ec0       syncsearch                 0000000180009ec0 f   inflate.obj
 0001:00009a30       fopen_file_func            000000018000aa30 f   ioapi.obj
 0001:00009a80       fopen64_file_func          000000018000aa80 f   ioapi.obj
 0001:00009ad0       fread_file_func            000000018000aad0 f   ioapi.obj
 0001:00009af0       fwrite_file_func           000000018000aaf0 f   ioapi.obj
 0001:00009b10       ftell_file_func            000000018000ab10 f   ioapi.obj
 0001:00009b20       ftell64_file_func          000000018000ab20 f   ioapi.obj
 0001:00009b30       fseek_file_func            000000018000ab30 f   ioapi.obj
 0001:00009b80       fseek64_file_func          000000018000ab80 f   ioapi.obj
 0001:00009bd0       fclose_file_func           000000018000abd0 f   ioapi.obj
 0001:00009be0       ferror_file_func           000000018000abe0 f   ioapi.obj
 0001:00009c50       win32_translate_open_mode  000000018000ac50 f   iowin32.obj
 0001:00009cb0       win32_build_iowin          000000018000acb0 f   iowin32.obj
 0001:0000a000       MySetFilePointerEx         000000018000b000 f   iowin32.obj
 0001:0000a400       bi_reverse                 000000018000b400 f   trees.obj
 0001:0000a420       bi_flush                   000000018000b420 f   trees.obj
 0001:0000a4a0       bi_windup                  000000018000b4a0 f   trees.obj
 0001:0000a500       gen_codes                  000000018000b500 f   trees.obj
 0001:0000a620       tr_static_init             000000018000b620 f   trees.obj
 0001:0000a630       init_block                 000000018000b630 f   trees.obj
 0001:0000a870       pqdownheap                 000000018000b870 f   trees.obj
 0001:0000a960       gen_bitlen                 000000018000b960 f   trees.obj
 0001:0000ab70       build_tree                 000000018000bb70 f   trees.obj
 0001:0000adb0       scan_tree                  000000018000bdb0 f   trees.obj
 0001:0000aec0       send_tree                  000000018000bec0 f   trees.obj
 0001:0000b430       build_bl_tree              000000018000c430 f   trees.obj
 0001:0000b500       send_all_trees             000000018000c500 f   trees.obj
 0001:0000b990       compress_block             000000018000c990 f   trees.obj
 0001:0000bdf0       detect_data_type           000000018000cdf0 f   trees.obj
 0001:0000c220       unz64local_getShort        000000018000d220 f   unzip.obj
 0001:0000c2a0       unz64local_getLong         000000018000d2a0 f   unzip.obj
 0001:0000c330       unz64local_getLong64       000000018000d330 f   unzip.obj
 0001:0000c400       strcmpcasenosensitive_internal 000000018000d400 f   unzip.obj
 0001:0000c4b0       unz64local_SearchCentralDir 000000018000d4b0 f   unzip.obj
 0001:0000c610       unz64local_SearchCentralDir64 000000018000d610 f   unzip.obj
 0001:0000c830       unzOpenInternal            000000018000d830 f   unzip.obj
 0001:0000cdf0       unz64local_DosDateToTmuDate 000000018000ddf0 f   unzip.obj
 0001:0000ce50       unz64local_GetCurrentFileInfoInternal 000000018000de50 f   unzip.obj
 0001:0000d990       unz64local_CheckCurrentFileCoherencyHeader 000000018000e990 f   unzip.obj
 0001:0000e470       time                       000000018000f470 f   zip.obj
 0001:0000e480       decrypt_byte               000000018000f480 f   zip.obj
 0001:0000e4a0       update_keys                000000018000f4a0 f   zip.obj
 0001:0000e500       init_keys                  000000018000f500 f   zip.obj
 0001:0000e570       crypthead                  000000018000f570 f   zip.obj
 0001:0000e6c0       allocate_new_datablock     000000018000f6c0 f   zip.obj
 0001:0000e6f0       free_datablock             000000018000f6f0 f   zip.obj
 0001:0000e720       init_linkedlist            000000018000f720 f   zip.obj
 0001:0000e730       free_linkedlist            000000018000f730 f   zip.obj
 0001:0000e750       add_data_in_datablock      000000018000f750 f   zip.obj
 0001:0000e830       zip64local_putValue        000000018000f830 f   zip.obj
 0001:0000e8b0       zip64local_putValue_inmemory 000000018000f8b0 f   zip.obj
 0001:0000e8f0       zip64local_TmzDateToDosDate 000000018000f8f0 f   zip.obj
 0001:0000e940       zip64local_getByte         000000018000f940 f   zip.obj
 0001:0000e9b0       zip64local_getShort        000000018000f9b0 f   zip.obj
 0001:0000ea30       zip64local_getLong         000000018000fa30 f   zip.obj
 0001:0000eb00       zip64local_getLong64       000000018000fb00 f   zip.obj
 0001:0000ec80       zip64local_SearchCentralDir 000000018000fc80 f   zip.obj
 0001:0000edf0       zip64local_SearchCentralDir64 000000018000fdf0 f   zip.obj
 0001:0000f010       LoadCentralDirectoryRecord 0000000180010010 f   zip.obj
 0001:0000f630       Write_LocalFileHeader      0000000180010630 f   zip.obj
 0001:000101f0       zip64FlushWriteBuffer      00000001800111f0 f   zip.obj
 0001:000108d0       Write_Zip64EndOfCentralDirectoryLocator 00000001800118d0 f   zip.obj
 0001:00010950       Write_Zip64EndOfCentralDirectoryRecord 0000000180011950 f   zip.obj
 0001:00010a80       Write_EndOfCentralDirectoryRecord 0000000180011a80 f   zip.obj
 0001:00010bb0       Write_GlobalComment        0000000180011bb0 f   zip.obj
 0001:00010e34       ?dllmain_crt_dispatch@@YAHQEAUHINSTANCE__@@KQEAX@Z 0000000180011e34 f   MSVCRT:dll_dllmain.obj
 0001:00010e84       ?dllmain_crt_process_attach@@YAHQEAUHINSTANCE__@@QEAX@Z 0000000180011e84 f   MSVCRT:dll_dllmain.obj
 0001:00010f9c       ?dllmain_crt_process_detach@@YAH_N@Z 0000000180011f9c f   MSVCRT:dll_dllmain.obj
 0001:00011020       ?dllmain_dispatch@@YAHQEAUHINSTANCE__@@KQEAX@Z 0000000180012020 f   MSVCRT:dll_dllmain.obj
 0001:00011154       ?dllmain_raw@@YAHQEAUHINSTANCE__@@KQEAX@Z 0000000180012154 f   MSVCRT:dll_dllmain.obj
 0001:000111b8       __get_entropy              00000001800121b8 f   MSVCRT:gs_support.obj
 0001:00011348       ?find_pe_section@@YAPEAU_IMAGE_SECTION_HEADER@@QEAE_K@Z 0000000180012348 f   MSVCRT:utility.obj
 0001:0001139c       ?is_potentially_valid_image_base@@YA_NQEAX@Z 000000018001239c f   MSVCRT:utility.obj
 0001:00011ae4       __castguard_check_failure_os_handled_wrapper 0000000180012ae4 f   MSVCRT:guard_support.obj
 0001:00011b3c       __castguard_check_failure_user_handled_wrapper 0000000180012b3c f   MSVCRT:guard_support.obj
 0001:00011b58       __castguard_compat_check   0000000180012b58 f   MSVCRT:guard_support.obj
 0001:00011c9c       __castguard_slow_path_compat_check 0000000180012c9c f   MSVCRT:guard_support.obj
 0001:00012010       $$000000                   0000000180013010     MSVCRT:chkstk.obj
 0001:00012080       $$000000                   0000000180013080     MSVCRT:guard_dispatch.obj
 0001:000120a0       $$000000                   00000001800130a0     MSVCRT:guard_xfg_dispatch.obj
 0001:000120b6       ?fin$0@?0??dllmain_crt_process_attach@@YAHQEAUHINSTANCE__@@QEAX@Z@4HA 00000001800130b6 f   MSVCRT:dll_dllmain.obj
 0001:000120cd       ?fin$0@?0??dllmain_crt_process_detach@@YAH_N@Z@4HA 00000001800130cd f   MSVCRT:dll_dllmain.obj
 0001:000120e6       ?fin$1@?0??dllmain_crt_process_detach@@YAH_N@Z@4HA 00000001800130e6 f   MSVCRT:dll_dllmain.obj
 0001:000120fa       ?filt$0@?0??dllmain_dispatch@@YAHQEAUHINSTANCE__@@KQEAX@Z@4HA 00000001800130fa f   MSVCRT:dll_dllmain.obj
 0001:00012130       __scrt_is_nonwritable_in_current_image$filt$0 0000000180013130 f   MSVCRT:utility.obj
 0002:00000300       crc_table                  0000000180014300     crc32.obj
 0002:00000700       crc_big_table              0000000180014700     crc32.obj
 0002:00000b00       crc_braid_table            0000000180014b00     crc32.obj
 0002:00001b00       crc_braid_big_table        0000000180015b00     crc32.obj
 0002:00002b00       x2n_table                  0000000180016b00     crc32.obj
 0002:00002b80       ?my_version@?1??deflateInit2_@@9@9 0000000180016b80     deflate.obj
 0002:00002b90       configuration_table        0000000180016b90     deflate.obj
 0002:00002c30       ?lenfix@?1??fixedtables@@9@9 0000000180016c30     infback.obj
 0002:00003430       ?distfix@?1??fixedtables@@9@9 0000000180017430     infback.obj
 0002:000034b0       ?order@?1??inflateBack@@9@9 00000001800174b0     infback.obj
 0002:000034e0       ?lenfix@?1??fixedtables@@9@9 00000001800174e0     inflate.obj
 0002:00003ce0       ?distfix@?1??fixedtables@@9@9 0000000180017ce0     inflate.obj
 0002:00003d60       ?order@?1??inflate@@9@9    0000000180017d60     inflate.obj
 0002:00003d90       ?dext@?1??inflate_table@@9@9 0000000180017d90     inftrees.obj
 0002:00003dd0       ?lext@?1??inflate_table@@9@9 0000000180017dd0     inftrees.obj
 0002:00003e10       ?lbase@?1??inflate_table@@9@9 0000000180017e10     inftrees.obj
 0002:00003e50       ?dbase@?1??inflate_table@@9@9 0000000180017e50     inftrees.obj
 0002:00004190       static_dtree               0000000180018190     trees.obj
 0002:00004210       extra_blbits               0000000180018210     trees.obj
 0002:00004260       extra_lbits                0000000180018260     trees.obj
 0002:000042e0       base_dist                  00000001800182e0     trees.obj
 0002:00004360       base_length                0000000180018360     trees.obj
 0002:000043d8       static_l_desc              00000001800183d8     trees.obj
 0002:000043f8       static_bl_desc             00000001800183f8     trees.obj
 0002:00004420       extra_dbits                0000000180018420     trees.obj
 0002:000044a0       static_ltree               00000001800184a0     trees.obj
 0002:00004920       static_d_desc              0000000180018920     trees.obj
 0002:00004940       bl_order                   0000000180018940     trees.obj
 0002:000054e8       $unwind$adler32_combine_   00000001800194e8     adler32.obj
 0002:000054f0       $unwind$compress2          00000001800194f0     compress.obj
 0002:00005508       $unwind$compress           0000000180019508     compress.obj
 0002:00005510       $unwind$x2nmodp            0000000180019510     crc32.obj
 0002:00005518       $chain$0$x2nmodp           0000000180019518     crc32.obj
 0002:0000552c       $chain$1$x2nmodp           000000018001952c     crc32.obj
 0002:0000553c       $unwind$crc32_z            000000018001953c     crc32.obj
 0002:00005548       $chain$3$crc32_z           0000000180019548     crc32.obj
 0002:00005568       $chain$5$crc32_z           0000000180019568     crc32.obj
 0002:00005580       $chain$6$crc32_z           0000000180019580     crc32.obj
 0002:00005590       $chain$7$crc32_z           0000000180019590     crc32.obj
 0002:000055a0       $unwind$crc32_combine64    00000001800195a0     crc32.obj
 0002:000055ac       $unwind$crc32_combine_op   00000001800195ac     crc32.obj
 0002:000055b4       $unwind$slide_hash         00000001800195b4     deflate.obj
 0002:000055bc       $unwind$read_buf           00000001800195bc     deflate.obj
 0002:000055d0       $unwind$fill_window        00000001800195d0     deflate.obj
 0002:000055e0       $unwind$deflateInit_       00000001800195e0     deflate.obj
 0002:000055e8       $unwind$deflateInit2_      00000001800195e8     deflate.obj
 0002:000055fc       $chain$0$deflateInit2_     00000001800195fc     deflate.obj
 0002:00005610       $chain$1$deflateInit2_     0000000180019610     deflate.obj
 0002:00005624       $chain$2$deflateInit2_     0000000180019624     deflate.obj
 0002:00005634       $chain$4$deflateInit2_     0000000180019634     deflate.obj
 0002:0000564c       $chain$5$deflateInit2_     000000018001964c     deflate.obj
 0002:00005660       $chain$6$deflateInit2_     0000000180019660     deflate.obj
 0002:00005670       $unwind$deflateSetDictionary 0000000180019670     deflate.obj
 0002:00005680       $chain$2$deflateSetDictionary 0000000180019680     deflate.obj
 0002:0000569c       $chain$3$deflateSetDictionary 000000018001969c     deflate.obj
 0002:000056ac       $unwind$deflateGetDictionary 00000001800196ac     deflate.obj
 0002:000056b8       $unwind$deflateResetKeep   00000001800196b8     deflate.obj
 0002:000056c4       $unwind$lm_init            00000001800196c4     deflate.obj
 0002:000056d0       $unwind$deflateReset       00000001800196d0     deflate.obj
 0002:000056dc       $unwind$deflateSetHeader   00000001800196dc     deflate.obj
 0002:000056e4       $unwind$deflatePending     00000001800196e4     deflate.obj
 0002:000056ec       $unwind$deflatePrime       00000001800196ec     deflate.obj
 0002:000056f8       $unwind$deflateParams      00000001800196f8     deflate.obj
 0002:00005714       $unwind$deflateTune        0000000180019714     deflate.obj
 0002:0000571c       $unwind$deflateBound       000000018001971c     deflate.obj
 0002:00005724       $unwind$flush_pending      0000000180019724     deflate.obj
 0002:00005734       $chain$0$flush_pending     0000000180019734     deflate.obj
 0002:00005748       $chain$1$flush_pending     0000000180019748     deflate.obj
 0002:00005758       $unwind$deflate            0000000180019758     deflate.obj
 0002:00005764       $chain$5$deflate           0000000180019764     deflate.obj
 0002:0000578c       $chain$7$deflate           000000018001978c     deflate.obj
 0002:000057b4       $chain$8$deflate           00000001800197b4     deflate.obj
 0002:000057c8       $chain$9$deflate           00000001800197c8     deflate.obj
 0002:000057d8       $unwind$deflateEnd         00000001800197d8     deflate.obj
 0002:000057ec       $unwind$deflateCopy        00000001800197ec     deflate.obj
 0002:000057f4       $chain$1$deflateCopy       00000001800197f4     deflate.obj
 0002:0000580c       $chain$3$deflateCopy       000000018001980c     deflate.obj
 0002:00005824       $chain$4$deflateCopy       0000000180019824     deflate.obj
 0002:00005834       $unwind$longest_match      0000000180019834     deflate.obj
 0002:00005850       $unwind$deflate_stored     0000000180019850     deflate.obj
 0002:00005860       $chain$0$deflate_stored    0000000180019860     deflate.obj
 0002:00005874       $chain$2$deflate_stored    0000000180019874     deflate.obj
 0002:0000588c       $chain$3$deflate_stored    000000018001988c     deflate.obj
 0002:000058a0       $chain$4$deflate_stored    00000001800198a0     deflate.obj
 0002:000058b4       $unwind$deflate_fast       00000001800198b4     deflate.obj
 0002:000058d0       $unwind$deflate_slow       00000001800198d0     deflate.obj
 0002:000058ec       $unwind$deflate_rle        00000001800198ec     deflate.obj
 0002:00005908       $unwind$deflate_huff       0000000180019908     deflate.obj
 0002:00005918       $unwind$vsnprintf          0000000180019918     gzlib.obj
 0002:0000592c       $unwind$snprintf           000000018001992c     gzlib.obj
 0002:0000593c       $unwind$gz_reset           000000018001993c     gzlib.obj
 0002:00005948       $unwind$gz_open            0000000180019948     gzlib.obj
 0002:00005960       $chain$0$gz_open           0000000180019960     gzlib.obj
 0002:00005974       $chain$1$gz_open           0000000180019974     gzlib.obj
 0002:00005984       $chain$2$gz_open           0000000180019984     gzlib.obj
 0002:00005998       $chain$3$gz_open           0000000180019998     gzlib.obj
 0002:000059a8       $unwind$gzdopen            00000001800199a8     gzlib.obj
 0002:000059b8       $unwind$gzrewind           00000001800199b8     gzlib.obj
 0002:000059c0       $unwind$gzseek64           00000001800199c0     gzlib.obj
 0002:000059d4       $unwind$gzseek             00000001800199d4     gzlib.obj
 0002:000059dc       $unwind$gztell             00000001800199dc     gzlib.obj
 0002:000059e4       $unwind$gzoffset64         00000001800199e4     gzlib.obj
 0002:000059ec       $unwind$gzoffset           00000001800199ec     gzlib.obj
 0002:000059f4       $unwind$gz_error           00000001800199f4     gzlib.obj
 0002:00005a08       $unwind$gz_load            0000000180019a08     gzread.obj
 0002:00005a20       $unwind$gz_avail           0000000180019a20     gzread.obj
 0002:00005a28       $unwind$gz_look            0000000180019a28     gzread.obj
 0002:00005a38       $unwind$gz_decomp          0000000180019a38     gzread.obj
 0002:00005a4c       $unwind$gz_fetch           0000000180019a4c     gzread.obj
 0002:00005a54       $unwind$gz_skip            0000000180019a54     gzread.obj
 0002:00005a60       $unwind$gz_read            0000000180019a60     gzread.obj
 0002:00005a7c       $unwind$gzread             0000000180019a7c     gzread.obj
 0002:00005a84       $unwind$gzfread            0000000180019a84     gzread.obj
 0002:00005a8c       $unwind$gzgetc             0000000180019a8c     gzread.obj
 0002:00005a94       $unwind$gzungetc           0000000180019a94     gzread.obj
 0002:00005aa0       $unwind$gzgets             0000000180019aa0     gzread.obj
 0002:00005abc       $unwind$gzdirect           0000000180019abc     gzread.obj
 0002:00005ac4       $unwind$gzclose_r          0000000180019ac4     gzread.obj
 0002:00005acc       $chain$1$gzclose_r         0000000180019acc     gzread.obj
 0002:00005ae4       $chain$2$gzclose_r         0000000180019ae4     gzread.obj
 0002:00005af4       $unwind$gz_init            0000000180019af4     gzwrite.obj
 0002:00005b08       $unwind$gz_comp            0000000180019b08     gzwrite.obj
 0002:00005b20       $unwind$gz_zero            0000000180019b20     gzwrite.obj
 0002:00005b34       $unwind$gz_write           0000000180019b34     gzwrite.obj
 0002:00005b50       $unwind$gzwrite            0000000180019b50     gzwrite.obj
 0002:00005b58       $unwind$gzfwrite           0000000180019b58     gzwrite.obj
 0002:00005b60       $unwind$gzputc             0000000180019b60     gzwrite.obj
 0002:00005b6c       $unwind$gzputs             0000000180019b6c     gzwrite.obj
 0002:00005b74       $chain$0$gzputs            0000000180019b74     gzwrite.obj
[...]
 0002:00006894       $unwind$zipOpenNewFileInZip64 000000018001a894     zip.obj
 0002:0000689c       $unwind$zipOpenNewFileInZip 000000018001a89c     zip.obj
 0002:000068a4       $unwind$zip64FlushWriteBuffer 000000018001a8a4     zip.obj
 0002:000068ac       $chain$0$zip64FlushWriteBuffer 000000018001a8ac     zip.obj
 0002:000068c0       $chain$3$zip64FlushWriteBuffer 000000018001a8c0     zip.obj
 0002:000068dc       $chain$4$zip64FlushWriteBuffer 000000018001a8dc     zip.obj
 0002:000068ec       $chain$5$zip64FlushWriteBuffer 000000018001a8ec     zip.obj
 0002:000068fc       $unwind$zipWriteInFileInZip 000000018001a8fc     zip.obj
 0002:00006910       $chain$0$zipWriteInFileInZip 000000018001a910     zip.obj
 0002:00006924       $chain$2$zipWriteInFileInZip 000000018001a924     zip.obj
 0002:00006938       $chain$3$zipWriteInFileInZip 000000018001a938     zip.obj
 0002:00006948       $unwind$zipCloseFileInZipRaw64 000000018001a948     zip.obj
 0002:00006958       $chain$2$zipCloseFileInZipRaw64 000000018001a958     zip.obj
 0002:00006974       $chain$4$zipCloseFileInZipRaw64 000000018001a974     zip.obj
 0002:00006990       $chain$5$zipCloseFileInZipRaw64 000000018001a990     zip.obj
 0002:000069a0       $unwind$Write_Zip64EndOfCentralDirectoryLocator 000000018001a9a0     zip.obj
 0002:000069ac       $unwind$Write_Zip64EndOfCentralDirectoryRecord 000000018001a9ac     zip.obj
 0002:000069bc       $unwind$Write_EndOfCentralDirectoryRecord 000000018001a9bc     zip.obj
 0002:000069c8       $chain$0$Write_EndOfCentralDirectoryRecord 000000018001a9c8     zip.obj
 0002:000069dc       $chain$2$Write_EndOfCentralDirectoryRecord 000000018001a9dc     zip.obj
 0002:000069f4       $chain$3$Write_EndOfCentralDirectoryRecord 000000018001a9f4     zip.obj
 0002:00006a04       $chain$4$Write_EndOfCentralDirectoryRecord 000000018001aa04     zip.obj
 0002:00006a14       $unwind$Write_GlobalComment 000000018001aa14     zip.obj
 0002:00006a2c       $unwind$zipClose           000000018001aa2c     zip.obj
 0002:00006a40       $chain$1$zipClose          000000018001aa40     zip.obj
 0002:00006a54       $chain$2$zipClose          000000018001aa54     zip.obj
 0002:00006a68       $chain$3$zipClose          000000018001aa68     zip.obj
 0002:00006a78       $chain$4$zipClose          000000018001aa78     zip.obj
 0002:00006a88       $unwind$?dllmain_crt_process_attach@@YAHQEAUHINSTANCE__@@QEAX@Z 000000018001aa88     MSVCRT:dll_dllmain.obj
 0002:00006ac4       $unwind$?fin$0@?0??dllmain_crt_process_attach@@YAHQEAUHINSTANCE__@@QEAX@Z@4HA 000000018001aac4     MSVCRT:dll_dllmain.obj
 0002:00006acc       $unwind$?dllmain_crt_process_detach@@YAH_N@Z 000000018001aacc     MSVCRT:dll_dllmain.obj
 0002:00006b20       $unwind$?fin$0@?0??dllmain_crt_process_detach@@YAH_N@Z@4HA 000000018001ab20     MSVCRT:dll_dllmain.obj
 0002:00006b28       $unwind$?fin$1@?0??dllmain_crt_process_detach@@YAH_N@Z@4HA 000000018001ab28     MSVCRT:dll_dllmain.obj
 0002:00006b30       $unwind$?dllmain_crt_dispatch@@YAHQEAUHINSTANCE__@@KQEAX@Z 000000018001ab30     MSVCRT:dll_dllmain.obj
 0002:00006b38       $unwind$?dllmain_dispatch@@YAHQEAUHINSTANCE__@@KQEAX@Z 000000018001ab38     MSVCRT:dll_dllmain.obj
 0002:00006b60       $unwind$?filt$0@?0??dllmain_dispatch@@YAHQEAUHINSTANCE__@@KQEAX@Z@4HA 000000018001ab60     MSVCRT:dll_dllmain.obj
 0002:00006b68       $unwind$_DllMainCRTStartup 000000018001ab68     MSVCRT:dll_dllmain.obj
 0002:00006b78       $unwind$__security_init_cookie 000000018001ab78     MSVCRT:gs_support.obj
 0002:00006b84       $unwind$__get_entropy      000000018001ab84     MSVCRT:gs_support.obj
 0002:00006b8c       $unwind$DllMain            000000018001ab8c     MSVCRT:dll_dllmain_stub.obj
 0002:00006b94       $unwind$__scrt_initialize_default_local_stdio_options 000000018001ab94     MSVCRT:default_local_stdio_options.obj
 0002:00006b9c       $unwind$atexit             000000018001ab9c     MSVCRT:utility.obj
 0002:00006ba4       $unwind$_onexit            000000018001aba4     MSVCRT:utility.obj
 0002:00006bac       $unwind$__scrt_is_nonwritable_in_current_image 000000018001abac     MSVCRT:utility.obj
 0002:00006bcc       $unwind$__scrt_is_nonwritable_in_current_image$filt$0 000000018001abcc     MSVCRT:utility.obj
 0002:00006bd4       $unwind$__scrt_acquire_startup_lock 000000018001abd4     MSVCRT:utility.obj
 0002:00006bdc       $unwind$__scrt_release_startup_lock 000000018001abdc     MSVCRT:utility.obj
 0002:00006be4       $unwind$__scrt_initialize_crt 000000018001abe4     MSVCRT:utility.obj
 0002:00006bec       $unwind$__scrt_uninitialize_crt 000000018001abec     MSVCRT:utility.obj
 0002:00006bf4       $unwind$__scrt_initialize_onexit_tables 000000018001abf4     MSVCRT:utility.obj
 0002:00006bfc       $unwind$__scrt_dllmain_exception_filter 000000018001abfc     MSVCRT:utility.obj
 0002:00006c10       $unwind$__scrt_dllmain_before_initialize_c 000000018001ac10     MSVCRT:utility.obj
 0002:00006c18       $unwind$__scrt_dllmain_after_initialize_c 000000018001ac18     MSVCRT:utility.obj
 0002:00006c20       $unwind$__scrt_dllmain_uninitialize_c 000000018001ac20     MSVCRT:utility.obj
 0002:00006c28       $unwind$__scrt_dllmain_uninitialize_critical 000000018001ac28     MSVCRT:utility.obj
 0002:00006c30       $unwind$__scrt_dllmain_crt_thread_attach 000000018001ac30     MSVCRT:utility.obj
 0002:00006c38       $unwind$__scrt_dllmain_crt_thread_detach 000000018001ac38     MSVCRT:utility.obj
 0002:00006c40       $unwind$?configure_argv@__scrt_narrow_argv_policy@@SAHXZ 000000018001ac40     MSVCRT:utility.obj
 0002:00006c48       $unwind$__scrt_get_show_window_mode 000000018001ac48     MSVCRT:utility_desktop.obj
 0002:00006c50       $unwind$__scrt_is_managed_app 000000018001ac50     MSVCRT:utility_desktop.obj
 0002:00006c58       $unwind$__scrt_fastfail    000000018001ac58     MSVCRT:utility_desktop.obj
 0002:00006c68       $unwind$__scrt_unhandled_exception_filter 000000018001ac68     MSVCRT:utility_desktop.obj
 0002:00006c74       $unwind$_RTC_Initialize    000000018001ac74     MSVCRT:initsect.obj
 0002:00006c80       $unwind$_RTC_Terminate     000000018001ac80     MSVCRT:initsect.obj
 0002:00006c8c       $unwind$__castguard_check_failure_os_handled_wrapper 000000018001ac8c     MSVCRT:guard_support.obj
 0002:00006c94       $unwind$__castguard_check_failure_user_handled_wrapper 000000018001ac94     MSVCRT:guard_support.obj
 0002:00006c9c       $unwind$__castguard_check_failure_os_handled 000000018001ac9c     MSVCRT:guard_support.obj
 0002:00006ca4       $unwind$__castguard_check_failure_user_handled 000000018001aca4     MSVCRT:guard_support.obj
 0002:00006cac       $unwind$__castguard_slow_path_check_os_handled 000000018001acac     MSVCRT:guard_support.obj
 0002:00006cb4       $unwind$__castguard_slow_path_check_user_handled 000000018001acb4     MSVCRT:guard_support.obj
 0002:00006cbc       $unwind$__isa_available_init 000000018001acbc     MSVCRT:cpu_disp.obj
 0002:00006cd0       $xdatasym                  000000018001acd0     MSVCRT:guard_dispatch.obj
 0002:00006cd8       $xdatasym                  000000018001acd8     MSVCRT:guard_xfg_dispatch.obj
 0002:00006ce0       $xdatasym                  000000018001ace0     MSVCRT:chkstk.obj
 0002:00006cf0       .edata                     000000018001acf0     zlibwapi.exp
 0002:00006d18       rgpv                       000000018001ad18     zlibwapi.exp
 0002:00006fe0       rgszName                   000000018001afe0     zlibwapi.exp
 0002:000071f0       rgwOrd                     000000018001b1f0     zlibwapi.exp
 0002:000072f8       szName                     000000018001b2f8     zlibwapi.exp
 0002:00007305       $N00001                    000000018001b305     zlibwapi.exp
 0002:0000730d       $N00140                    000000018001b30d     zlibwapi.exp
 0002:0000731d       $N00174                    000000018001b31d     zlibwapi.exp
 0002:00007327       $N00002                    000000018001b327     zlibwapi.exp
 0002:00007330       $N00039                    000000018001b330     zlibwapi.exp
 0002:0000733a       $N00046                    000000018001b33a     zlibwapi.exp
 0002:00007348       $N00003                    000000018001b348     zlibwapi.exp
 0002:0000734e       $N00142                    000000018001b34e     zlibwapi.exp
 0002:0000735c       $N00176                    000000018001b35c     zlibwapi.exp
 0002:0000736e       $N00177                    000000018001b36e     zlibwapi.exp
 0002:00007382       $N00178                    000000018001b382     zlibwapi.exp
 0002:00007393       $N00175                    000000018001b393     zlibwapi.exp
 0002:0000739b       $N00004                    000000018001b39b     zlibwapi.exp
 0002:000073a3       $N00047                    000000018001b3a3     zlibwapi.exp
 0002:000073b0       $N00005                    000000018001b3b0     zlibwapi.exp
 0002:000073bc       $N00006                    000000018001b3bc     zlibwapi.exp
 0002:000073c7       $N00173                    000000018001b3c7     zlibwapi.exp
 0002:000073dc       $N00007                    000000018001b3dc     zlibwapi.exp
 0002:000073ea       $N00008                    000000018001b3ea     zlibwapi.exp
 0002:000073f7       $N00009                    000000018001b3f7     zlibwapi.exp
 0002:00007405       $N00052                    000000018001b405     zlibwapi.exp
 0002:00007414       $N00051                    000000018001b414     zlibwapi.exp
 0002:00007421       $N00010                    000000018001b421     zlibwapi.exp
 0002:0000742e       $N00164                    000000018001b42e     zlibwapi.exp
 0002:0000743f       $N00011                    000000018001b43f     zlibwapi.exp
 0002:00007454       $N00144                    000000018001b454     zlibwapi.exp
 0002:00007465       $N00145                    000000018001b465     zlibwapi.exp
 0002:00007471       $N00110                    000000018001b471     zlibwapi.exp
 0002:00007485       $N00111                    000000018001b485     zlibwapi.exp
 0002:0000749b       $N00112                    000000018001b49b     zlibwapi.exp
 0002:000074b2       $N00113                    000000018001b4b2     zlibwapi.exp
 0002:000074c9       $N00038                    000000018001b4c9     zlibwapi.exp
 0002:000074d7       $N00146                    000000018001b4d7     zlibwapi.exp
 0002:000074e0       $N00048                    000000018001b4e0     zlibwapi.exp
 0002:000074eb       $N00012                    000000018001b4eb     zlibwapi.exp
 0002:000074f3       $N00147                    000000018001b4f3     zlibwapi.exp
 0002:000074fd       $N00148                    000000018001b4fd     zlibwapi.exp
 0002:00007507       $N00149                    000000018001b507     zlibwapi.exp
 0002:00007510       $N00013                    000000018001b510     zlibwapi.exp
 0002:00007518       $N00034                    000000018001b518     zlibwapi.exp
 0002:0000751e       $N00014                    000000018001b51e     zlibwapi.exp
 0002:00007526       $N00015                    000000018001b526     zlibwapi.exp
 0002:0000752e       $N00171                    000000018001b52e     zlibwapi.exp
 0002:00007536       $N00172                    000000018001b536     zlibwapi.exp
 0002:0000753f       $N00030                    000000018001b53f     zlibwapi.exp
 0002:00007546       $N00161                    000000018001b546     zlibwapi.exp
 0002:0000754e       $N00041                    000000018001b54e     zlibwapi.exp
 0002:00007555       $N00150                    000000018001b555     zlibwapi.exp
 0002:0000755e       $N00016                    000000018001b55e     zlibwapi.exp
 0002:00007565       $N00165                    000000018001b565     zlibwapi.exp
 0002:0000756e       $N00028                    000000018001b56e     zlibwapi.exp
 0002:00007577       $N00029                    000000018001b577     zlibwapi.exp
 0002:0000757e       $N00040                    000000018001b57e     zlibwapi.exp
 0002:00007585       $N00017                    000000018001b585     zlibwapi.exp
 0002:0000758c       $N00032                    000000018001b58c     zlibwapi.exp
 0002:00007595       $N00031                    000000018001b595     zlibwapi.exp
 0002:0000759c       $N00035                    000000018001b59c     zlibwapi.exp
 0002:000075a8       $N00033                    000000018001b5a8     zlibwapi.exp
 0002:000075af       $N00049                    000000018001b5af     zlibwapi.exp
 0002:000075b8       $N00167                    000000018001b5b8     zlibwapi.exp
 0002:000075c2       $N00018                    000000018001b5c2     zlibwapi.exp
 0002:000075ca       $N00019                    000000018001b5ca     zlibwapi.exp
 0002:000075d2       $N00044                    000000018001b5d2     zlibwapi.exp
 0002:000075de       $N00045                    000000018001b5de     zlibwapi.exp
 0002:000075ed       $N00043                    000000018001b5ed     zlibwapi.exp
 0002:000075fe       $N00168                    000000018001b5fe     zlibwapi.exp
 0002:0000760f       $N00042                    000000018001b60f     zlibwapi.exp
 0002:0000761b       $N00020                    000000018001b61b     zlibwapi.exp
 0002:00007626       $N00166                    000000018001b626     zlibwapi.exp
 0002:0000763b       $N00156                    000000018001b63b     zlibwapi.exp
 0002:0000764c       $N00021                    000000018001b64c     zlibwapi.exp
 0002:0000765a       $N00022                    000000018001b65a     zlibwapi.exp
 0002:00007667       $N00157                    000000018001b667     zlibwapi.exp
 0002:00007673       $N00158                    000000018001b673     zlibwapi.exp
 0002:00007680       $N00023                    000000018001b680     zlibwapi.exp
 0002:0000768d       $N00159                    000000018001b68d     zlibwapi.exp
 0002:0000769b       $N00163                    000000018001b69b     zlibwapi.exp
 0002:000076ac       $N00024                    000000018001b6ac     zlibwapi.exp
 0002:000076c1       $N00025                    000000018001b6c1     zlibwapi.exp
 0002:000076cd       $N00037                    000000018001b6cd     zlibwapi.exp
 0002:000076de       $N00160                    000000018001b6de     zlibwapi.exp
 0002:000076ef       $N00169                    000000018001b6ef     zlibwapi.exp
 0002:000076ff       $N00026                    000000018001b6ff     zlibwapi.exp
 0002:0000770a       $N00170                    000000018001b70a     zlibwapi.exp
 0002:00007716       $N00062                    000000018001b716     zlibwapi.exp
 0002:0000771f       $N00072                    000000018001b71f     zlibwapi.exp
 0002:00007733       $N00064                    000000018001b733     zlibwapi.exp
 0002:00007749       $N00124                    000000018001b749     zlibwapi.exp
 0002:00007761       $N00125                    000000018001b761     zlibwapi.exp
 0002:0000777f       $N00100                    000000018001b77f     zlibwapi.exp
 0002:0000778d       $N00127                    000000018001b78d     zlibwapi.exp
 0002:0000779d       $N00073                    000000018001b79d     zlibwapi.exp
 0002:000077b1       $N00063                    000000018001b7b1     zlibwapi.exp
 0002:000077c2       $N00122                    000000018001b7c2     zlibwapi.exp
 0002:000077d5       $N00076                    000000018001b7d5     zlibwapi.exp
 0002:000077eb       $N00101                    000000018001b7eb     zlibwapi.exp
 0002:000077fa       $N00128                    000000018001b7fa     zlibwapi.exp
 0002:0000780b       $N00065                    000000018001b80b     zlibwapi.exp
 0002:0000781c       $N00066                    000000018001b81c     zlibwapi.exp
 0002:0000782c       $N00075                    000000018001b82c     zlibwapi.exp
 0002:0000783a       $N00061                    000000018001b83a     zlibwapi.exp
 0002:00007842       $N00077                    000000018001b842     zlibwapi.exp
 0002:0000784b       $N00121                    000000018001b84b     zlibwapi.exp
 0002:00007857       $N00120                    000000018001b857     zlibwapi.exp
 0002:00007861       $N00067                    000000018001b861     zlibwapi.exp
 0002:00007874       $N00078                    000000018001b874     zlibwapi.exp
 0002:00007888       $N00069                    000000018001b888     zlibwapi.exp
 0002:0000789c       $N00079                    000000018001b89c     zlibwapi.exp
 0002:000078b7       $N00068                    000000018001b8b7     zlibwapi.exp
 0002:000078ca       $N00074                    000000018001b8ca     zlibwapi.exp
 0002:000078e3       $N00071                    000000018001b8e3     zlibwapi.exp
 0002:000078ea       $N00070                    000000018001b8ea     zlibwapi.exp
 0002:000078f2       $N00126                    000000018001b8f2     zlibwapi.exp
 0002:000078fc       $N00036                    000000018001b8fc     zlibwapi.exp
 0002:00007903       $N00084                    000000018001b903     zlibwapi.exp
 0002:0000790c       $N00083                    000000018001b90c     zlibwapi.exp
 0002:0000791e       $N00087                    000000018001b91e     zlibwapi.exp
 0002:00007933       $N00136                    000000018001b933     zlibwapi.exp
 0002:0000794a       $N00080                    000000018001b94a     zlibwapi.exp
 0002:00007952       $N00088                    000000018001b952     zlibwapi.exp
 0002:0000795b       $N00131                    000000018001b95b     zlibwapi.exp
 0002:00007967       $N00130                    000000018001b967     zlibwapi.exp
 0002:00007971       $N00081                    000000018001b971     zlibwapi.exp
 0002:00007985       $N00086                    000000018001b985     zlibwapi.exp
 0002:0000799a       $N00133                    000000018001b99a     zlibwapi.exp
 0002:000079b2       $N00089                    000000018001b9b2     zlibwapi.exp
 0002:000079c7       $N00134                    000000018001b9c7     zlibwapi.exp
 0002:000079df       $N00135                    000000018001b9df     zlibwapi.exp
 0002:000079f7       $N00132                    000000018001b9f7     zlibwapi.exp
 0002:00007a0d       $N00082                    000000018001ba0d     zlibwapi.exp
 0002:00007a21       $N00050                    000000018001ba21     zlibwapi.exp
 0002:00007a32       $N00027                    000000018001ba32     zlibwapi.exp
 0002:00007dac       .idata$6                   000000018001bdac     kernel32:KERNEL32.dll
 0002:00007e30       .idata$6                   000000018001be30     vcruntime:VCRUNTIME140.dll
 0002:0000802c       .idata$6                   000000018001c02c     ucrt:api-ms-win-crt-stdio-l1-1-0.dll
 0002:0000804c       .idata$6                   000000018001c04c     ucrt:api-ms-win-crt-convert-l1-1-0.dll
 0002:0000806e       .idata$6                   000000018001c06e     ucrt:api-ms-win-crt-heap-l1-1-0.dll
 0002:0000808e       .idata$6                   000000018001c08e     ucrt:api-ms-win-crt-runtime-l1-1-0.dll
 0002:000080b0       .idata$6                   000000018001c0b0     ucrt:api-ms-win-crt-utility-l1-1-0.dll
 0002:000080d2       .idata$6                   000000018001c0d2     ucrt:api-ms-win-crt-time-l1-1-0.dll
 0003:00000040       ?__proc_attached@@3HA      000000018001d040     MSVCRT:dll_dllmain.obj
 0003:00000080       ?is_initialized_as_dll@@3_NA 000000018001d080     MSVCRT:utility.obj
 0003:00000081       ?module_local_atexit_table_initialized@@3_NA 000000018001d081     MSVCRT:utility.obj
 0003:00000088       ?module_local_atexit_table@@3U_onexit_table_t@@A 000000018001d088     MSVCRT:utility.obj
 0003:000000a0       ?module_local_at_quick_exit_table@@3U_onexit_table_t@@A 000000018001d0a0     MSVCRT:utility.obj
 0003:000000cc       ?calls@?1??crypthead@@9@9  000000018001d0cc     zip.obj
 0005:00000060       $R000000                   0000000180020060     zlib.res
